mp[1 sid=0 rid=0 epoch=0 host=0 p=0 via=none] mp debug enabled
mp[2 sid=4051984249 rid=0 epoch=0 host=0 p=1 via=none] mp input delay=4 (legacy=4) transport=none tick_ms=10
mp[3 sid=4051984249 rid=0 epoch=0 host=0 p=1 via=none] mp client: join begin session=4051984249 port=12345 hosts=62.216.210.134
mp[4 sid=4051984249 rid=0 epoch=0 host=0 p=1 via=none] mp client: direct connect disabled
mp[5 sid=4051984249 rid=0 epoch=0 host=0 p=1 via=none] mp client: relay server=91.99.142.190:12348
mp[6 sid=4051984249 rid=0 epoch=0 host=0 p=1 via=none] mp client: bind 192.168.0.115 for connect to 91.99.142.190:12348
mp[7 sid=4051984249 rid=0 epoch=0 host=0 p=1 via=none] mp client: enet socket local=192.168.0.115:55699
mp[8 sid=4051984249 rid=0 epoch=0 host=0 p=1 via=none] mp client: connected target=91.99.142.190:12348 remote=91.99.142.190:12348 relay=1
mp[9 sid=4051984249 rid=0 epoch=0 host=0 p=1 via=none] mp client: welcome player=1 expected=2 seed=2145189970
mp[10 sid=4051984249 rid=0 epoch=0 host=0 p=1 via=udp-relay] mp client: transport=udp-relay
mp[11 sid=4051984249 rid=0 epoch=0 host=0 p=1 via=udp-relay] mp input delay=4 (legacy=4) transport=udp-relay tick_ms=10
mp[12 sid=4051984249 rid=0 epoch=0 host=0 p=1 via=udp-relay] mp extra actors: level_players=1 expected=2 actors=1
mp[13 sid=4051984249 rid=0 epoch=0 host=0 p=1 via=udp-relay] mp extra actors: assigned=1 spawned=1 needs_placement=1
mp[14 sid=4051984249 rid=0 epoch=0 host=0 p=1 via=udp-relay] mp should defer start: 1
mp[15 sid=4051984249 rid=0 epoch=0 host=0 p=1 via=udp-relay] mp notify start requested (host=0 local=1 expected=2)
mp[16 sid=4051984249 rid=0 epoch=0 host=0 p=1 via=udp-relay] mp rebalance: base=0 candidates=2 group=2
mp[17 sid=4051984249 rid=0 epoch=0 host=0 p=1 via=udp-relay] mp actor(post-place): kind=ac_marble_black pos=(10.00,9.50) ctrl=1 owner=0 color=0
mp[18 sid=4051984249 rid=0 epoch=0 host=0 p=1 via=udp-relay] mp actor(post-place): kind=ac_marble_black pos=(10.00,9.50) ctrl=2 owner=1 color=0
mp[19 sid=4051984249 rid=0 epoch=0 host=0 p=1 via=udp-relay] mp client: debug options applied tick_ms=10 sim_mut=1
mp[20 sid=4051984249 rid=0 epoch=0 host=0 p=1 via=udp-relay] mp client: load level id=1 pack=PerOxyd level_id=enigma_peroxyd/peroxyd04_2
mp[21 sid=4051984249 rid=0 epoch=0 host=0 p=1 via=udp-relay] mp input delay=4 (legacy=4) transport=udp-relay tick_ms=10
mp[22 sid=4051984249 rid=0 epoch=0 host=0 p=1 via=udp-relay] mp extra actors: level_players=1 expected=2 actors=1
mp[23 sid=4051984249 rid=0 epoch=0 host=0 p=1 via=udp-relay] mp extra actors: assigned=1 spawned=1 needs_placement=1
mp[24 sid=4051984249 rid=0 epoch=0 host=0 p=1 via=udp-relay] mp should defer start: 1
mp[25 sid=4051984249 rid=0 epoch=0 host=0 p=1 via=udp-relay] mp notify start requested (host=0 local=1 expected=2)
mp[26 sid=4051984249 rid=0 epoch=0 host=0 p=1 via=udp-relay] mp send ready via=udp-relay session=4051984249 epoch=0 load=1
mp[27 sid=4051984249 rid=0 epoch=0 host=0 p=1 via=udp-relay] mp rebalance: base=0 candidates=2 group=2
mp[28 sid=4051984249 rid=0 epoch=0 host=0 p=1 via=udp-relay] mp actor(post-place): kind=ac_marble_black pos=(10.00,9.50) ctrl=1 owner=0 color=0
mp[29 sid=4051984249 rid=0 epoch=0 host=0 p=1 via=udp-relay] mp actor(post-place): kind=ac_marble_black pos=(10.00,9.50) ctrl=2 owner=1 color=0
mp[30 sid=4051984249 rid=0 epoch=0 host=0 p=1 via=udp-relay] mp recv input bundle: first tick=0 player=0 count=32
mp[31 sid=4051984249 rid=0 epoch=0 host=0 p=1 via=udp-relay] mp send input bundle: first tick=0 player=1 count=5
mp[32 sid=4051984249 rid=0 epoch=0 host=0 p=1 via=udp-relay] mp send input bundle: first tick=0 player=1 count=6
mp[33 sid=4051984249 rid=0 epoch=0 host=0 p=1 via=udp-relay] mp send input bundle: first tick=0 player=1 count=7
mp[34 sid=4051984249 rid=0 epoch=0 host=0 p=1 via=udp-relay] mp send input bundle: first tick=0 player=1 count=8
mp[35 sid=4051984249 rid=0 epoch=0 host=0 p=1 via=udp-relay] mp send input bundle: first tick=0 player=1 count=9
mp[36 sid=4051984249 rid=0 epoch=0 host=0 p=1 via=udp-relay] mp send input bundle: first tick=0 player=1 count=10
mp[37 sid=4051984249 rid=0 epoch=0 host=0 p=1 via=udp-relay] mp send input bundle: first tick=0 player=1 count=11
mp[38 sid=4051984249 rid=0 epoch=0 host=0 p=1 via=udp-relay] mp send input bundle: first tick=0 player=1 count=12
mp[39 sid=4051984249 rid=0 epoch=0 host=0 p=1 via=udp-relay] mp send input bundle: first tick=0 player=1 count=13
mp[40 sid=4051984249 rid=0 epoch=0 host=0 p=1 via=udp-relay] mp send input bundle: first tick=0 player=1 count=14
mp[41 sid=4051984249 rid=0 epoch=0 host=0 p=1 via=udp-relay] mp recv input bundle: first tick=0 player=0 count=5
mp[42 sid=4051984249 rid=0 epoch=0 host=0 p=1 via=udp-relay] mp send input bundle: first tick=0 player=1 count=15
mp[43 sid=4051984249 rid=0 epoch=0 host=0 p=1 via=udp-relay] mp recv input bundle: first tick=0 player=0 count=6
mp[44 sid=4051984249 rid=0 epoch=0 host=0 p=1 via=udp-relay] mp actor mismatch: tick=0 local=7870684125600189698 remote=7011419174046777795
mp[45 sid=4051984249 rid=0 epoch=0 host=0 p=1 via=udp-relay] mp desync: tick=0 rand local=2145189970 remote=2145189970 flags(pos=0 rand=0 actor=1 world=0) action=actor-resync p0(10.00,9.50)->(10.00,9.50) p1(10.50,8.50)->(10.50,8.50)
mp[46 sid=4051984249 rid=0 epoch=0 host=0 p=1 via=udp-relay] mp dump: reason=sync_current_mismatch epoch=0 tick=0 host=0 transport=udp-relay expected=2 local_player=1 seed=2145189970
mp[47 sid=4051984249 rid=0 epoch=0 host=0 p=1 via=udp-relay] mp dump: local rand=2145189970
mp[48 sid=4051984249 rid=0 epoch=0 host=0 p=1 via=udp-relay] mp dump: level id=sesame path=./data/levels/enigma_peroxyd/peroxyd04_2.xml difficult=1 compat=2
mp[49 sid=4051984249 rid=0 epoch=0 host=0 p=1 via=udp-relay] mp dump: ref p0 kind=ac_marble_black obj=1445 ctrl=1 name= pos=10.00,9.50 vel=0.00,0.00
mp[50 sid=4051984249 rid=0 epoch=0 host=0 p=1 via=udp-relay] mp dump: ref p1 kind=ac_marble_black obj=1547 ctrl=2 name= pos=10.50,8.50 vel=0.00,0.00
mp[51 sid=4051984249 rid=0 epoch=0 host=0 p=1 via=udp-relay] mp dump: sync tick=0 rand=2145189970 world=7136592913069878656 actor=7011419174046777795 p0=(10.00,9.50) p1=(10.50,8.50)
mp[52 sid=4051984249 rid=0 epoch=0 host=0 p=1 via=udp-relay] mp dump: actors=2
mp[53 sid=4051984249 rid=0 epoch=0 host=0 p=1 via=udp-relay] mp dump: actor kind_id=0 kind=ac_marble_black obj=1445 owner=0 ctrl=1 color=0 name= pos=1000,950 vel=0,0
mp[54 sid=4051984249 rid=0 epoch=0 host=0 p=1 via=udp-relay] mp dump: actor kind_id=0 kind=ac_marble_black obj=1547 owner=1 ctrl=2 color=0 name= pos=1050,850 vel=0,0
mp[55 sid=4051984249 rid=0 epoch=0 host=0 p=1 via=udp-relay] mp send input bundle: first tick=0 player=1 count=16
mp[56 sid=4051984249 rid=0 epoch=0 host=0 p=1 via=udp-relay] mp recv input bundle: first tick=0 player=0 count=7
mp[57 sid=4051984249 rid=0 epoch=0 host=0 p=1 via=udp-relay] mp send input bundle: first tick=0 player=1 count=17
mp[58 sid=4051984249 rid=0 epoch=0 host=0 p=1 via=udp-relay] mp recv input bundle: first tick=0 player=0 count=8
mp[59 sid=4051984249 rid=0 epoch=0 host=0 p=1 via=udp-relay] mp send input bundle: first tick=0 player=1 count=18
mp[60 sid=4051984249 rid=0 epoch=0 host=0 p=1 via=udp-relay] mp recv input bundle: first tick=0 player=0 count=9
mp[61 sid=4051984249 rid=0 epoch=0 host=0 p=1 via=udp-relay] mp send input bundle: first tick=0 player=1 count=19
mp[62 sid=4051984249 rid=0 epoch=0 host=0 p=1 via=udp-relay] mp recv input bundle: first tick=0 player=0 count=10
mp[63 sid=4051984249 rid=0 epoch=0 host=0 p=1 via=udp-relay] mp send input bundle: first tick=0 player=1 count=20
mp[64 sid=4051984249 rid=0 epoch=0 host=0 p=1 via=udp-relay] mp recv input bundle: first tick=0 player=0 count=11
mp[65 sid=4051984249 rid=0 epoch=0 host=0 p=1 via=udp-relay] mp send input bundle: first tick=0 player=1 count=21
mp[66 sid=4051984249 rid=0 epoch=0 host=0 p=1 via=udp-relay] mp recv input bundle: first tick=0 player=0 count=12
mp[67 sid=4051984249 rid=0 epoch=0 host=0 p=1 via=udp-relay] mp send input bundle: first tick=0 player=1 count=22
mp[68 sid=4051984249 rid=0 epoch=0 host=0 p=1 via=udp-relay] mp recv input bundle: first tick=0 player=0 count=13
mp[69 sid=4051984249 rid=0 epoch=0 host=0 p=1 via=udp-relay] mp send input bundle: first tick=0 player=1 count=23
mp[70 sid=4051984249 rid=0 epoch=0 host=0 p=1 via=udp-relay] mp recv input bundle: first tick=1 player=0 count=13
mp[71 sid=4051984249 rid=0 epoch=0 host=0 p=1 via=udp-relay] mp send input bundle: first tick=0 player=1 count=24
mp[72 sid=4051984249 rid=0 epoch=0 host=0 p=1 via=udp-relay] mp recv input bundle: first tick=2 player=0 count=13
mp[73 sid=4051984249 rid=0 epoch=0 host=0 p=1 via=udp-relay] mp send input bundle: first tick=0 player=1 count=25
mp[74 sid=4051984249 rid=0 epoch=0 host=0 p=1 via=udp-relay] mp recv input bundle: first tick=3 player=0 count=13
mp[75 sid=4051984249 rid=0 epoch=0 host=0 p=1 via=udp-relay] mp send input bundle: first tick=1 player=1 count=25
mp[76 sid=4051984249 rid=0 epoch=0 host=0 p=1 via=udp-relay] mp recv input bundle: first tick=4 player=0 count=13
mp[77 sid=4051984249 rid=0 epoch=0 host=0 p=1 via=udp-relay] mp send input bundle: first tick=2 player=1 count=25
mp[78 sid=4051984249 rid=0 epoch=0 host=0 p=1 via=udp-relay] mp recv input bundle: first tick=5 player=0 count=13
mp[79 sid=4051984249 rid=0 epoch=0 host=0 p=1 via=udp-relay] mp send input bundle: first tick=3 player=1 count=25
mp[80 sid=4051984249 rid=0 epoch=0 host=0 p=1 via=udp-relay] mp recv input bundle: first tick=6 player=0 count=13
mp[81 sid=4051984249 rid=0 epoch=0 host=0 p=1 via=udp-relay] mp send input bundle: first tick=4 player=1 count=25
mp[82 sid=4051984249 rid=0 epoch=0 host=0 p=1 via=udp-relay] mp recv input bundle: first tick=7 player=0 count=13
mp[83 sid=4051984249 rid=0 epoch=0 host=0 p=1 via=udp-relay] mp send input bundle: first tick=5 player=1 count=25
mp[84 sid=4051984249 rid=0 epoch=0 host=0 p=1 via=udp-relay] mp recv input bundle: first tick=8 player=0 count=13
mp[85 sid=4051984249 rid=0 epoch=0 host=0 p=1 via=udp-relay] mp send input bundle: first tick=6 player=1 count=25
mp[86 sid=4051984249 rid=0 epoch=0 host=0 p=1 via=udp-relay] mp recv input bundle: first tick=9 player=0 count=13
mp[87 sid=4051984249 rid=0 epoch=0 host=0 p=1 via=udp-relay] mp send input bundle: first tick=7 player=1 count=25
mp[88 sid=4051984249 rid=0 epoch=0 host=0 p=1 via=udp-relay] mp recv input bundle: first tick=10 player=0 count=13
mp[89 sid=4051984249 rid=0 epoch=0 host=0 p=1 via=udp-relay] mp send input bundle: first tick=8 player=1 count=25
mp[90 sid=4051984249 rid=0 epoch=0 host=0 p=1 via=udp-relay] mp recv input bundle: first tick=11 player=0 count=13
mp[91 sid=4051984249 rid=0 epoch=0 host=0 p=1 via=udp-relay] mp send input bundle: first tick=9 player=1 count=25
mp[92 sid=4051984249 rid=0 epoch=0 host=0 p=1 via=udp-relay] mp recv input bundle: first tick=12 player=0 count=13
mp[93 sid=4051984249 rid=0 epoch=0 host=0 p=1 via=udp-relay] mp send input bundle: first tick=10 player=1 count=25
mp[94 sid=4051984249 rid=0 epoch=0 host=0 p=1 via=udp-relay] mp recv input bundle: first tick=13 player=0 count=13
mp[95 sid=4051984249 rid=0 epoch=0 host=0 p=1 via=udp-relay] mp send input bundle: first tick=11 player=1 count=25
mp[96 sid=4051984249 rid=0 epoch=0 host=0 p=1 via=udp-relay] mp recv input bundle: first tick=14 player=0 count=13
mp[97 sid=4051984249 rid=0 epoch=0 host=0 p=1 via=udp-relay] mp send input bundle: first tick=12 player=1 count=25
mp[98 sid=4051984249 rid=0 epoch=0 host=0 p=1 via=udp-relay] mp recv input bundle: first tick=15 player=0 count=13
mp[99 sid=4051984249 rid=0 epoch=0 host=0 p=1 via=udp-relay] mp send input bundle: first tick=13 player=1 count=24
mp[100 sid=4051984249 rid=0 epoch=0 host=0 p=1 via=udp-relay] mp recv input bundle: first tick=16 player=0 count=13
mp[101 sid=4051984249 rid=0 epoch=0 host=0 p=1 via=udp-relay] mp send input bundle: first tick=13 player=1 count=24
mp[102 sid=4051984249 rid=0 epoch=0 host=0 p=1 via=udp-relay] mp recv input bundle: first tick=17 player=0 count=13
mp[103 sid=4051984249 rid=0 epoch=0 host=0 p=1 via=udp-relay] mp send input bundle: first tick=13 player=1 count=24
mp[104 sid=4051984249 rid=0 epoch=0 host=0 p=1 via=udp-relay] mp recv input bundle: first tick=18 player=0 count=13
mp[105 sid=4051984249 rid=0 epoch=0 host=0 p=1 via=udp-relay] mp send input bundle: first tick=13 player=1 count=24
mp[106 sid=4051984249 rid=0 epoch=0 host=0 p=1 via=udp-relay] mp recv input bundle: first tick=19 player=0 count=13
mp[107 sid=4051984249 rid=0 epoch=0 host=0 p=1 via=udp-relay] mp send input bundle: first tick=13 player=1 count=24
mp[108 sid=4051984249 rid=0 epoch=0 host=0 p=1 via=udp-relay] mp send input bundle: first tick=13 player=1 count=24
mp[109 sid=4051984249 rid=0 epoch=0 host=0 p=1 via=udp-relay] mp send input bundle: first tick=13 player=1 count=24
mp[110 sid=4051984249 rid=0 epoch=0 host=0 p=1 via=udp-relay] mp send input bundle: first tick=13 player=1 count=24
mp[111 sid=4051984249 rid=0 epoch=0 host=0 p=1 via=udp-relay] mp send input bundle: first tick=13 player=1 count=24
mp[112 sid=4051984249 rid=0 epoch=0 host=0 p=1 via=udp-relay] mp send input bundle: first tick=13 player=1 count=24
mp[113 sid=4051984249 rid=0 epoch=0 host=0 p=1 via=udp-relay] mp send input bundle: first tick=13 player=1 count=24
mp[114 sid=4051984249 rid=0 epoch=0 host=0 p=1 via=udp-relay] mp send input bundle: first tick=13 player=1 count=24
mp[115 sid=4051984249 rid=0 epoch=0 host=0 p=1 via=udp-relay] mp send input bundle: first tick=13 player=1 count=24
mp[116 sid=4051984249 rid=0 epoch=0 host=0 p=1 via=udp-relay] mp send input bundle: first tick=13 player=1 count=24
mp[117 sid=4051984249 rid=0 epoch=0 host=0 p=1 via=udp-relay] mp send input bundle: first tick=13 player=1 count=24
mp[118 sid=4051984249 rid=0 epoch=0 host=0 p=1 via=udp-relay] mp send input bundle: first tick=13 player=1 count=24
mp[119 sid=4051984249 rid=0 epoch=0 host=0 p=1 via=udp-relay] mp send input bundle: first tick=13 player=1 count=24
mp[120 sid=4051984249 rid=0 epoch=0 host=0 p=1 via=udp-relay] mp send ready via=udp-relay session=4051984249 epoch=0 load=1
mp[121 sid=4051984249 rid=0 epoch=0 host=0 p=1 via=udp-relay] mp send input bundle: first tick=13 player=1 count=24
mp[122 sid=4051984249 rid=0 epoch=0 host=0 p=1 via=udp-relay] mp send input bundle: first tick=13 player=1 count=24
mp[123 sid=4051984249 rid=0 epoch=0 host=0 p=1 via=udp-relay] mp send input bundle: first tick=13 player=1 count=24
mp[124 sid=4051984249 rid=0 epoch=0 host=0 p=1 via=udp-relay] mp send input bundle: first tick=13 player=1 count=24
mp[125 sid=4051984249 rid=0 epoch=0 host=0 p=1 via=udp-relay] mp send input bundle: first tick=13 player=1 count=24
mp[126 sid=4051984249 rid=0 epoch=0 host=0 p=1 via=udp-relay] mp send input bundle: first tick=13 player=1 count=24
mp[127 sid=4051984249 rid=0 epoch=0 host=0 p=1 via=udp-relay] mp send input bundle: first tick=13 player=1 count=24
mp[128 sid=4051984249 rid=0 epoch=0 host=0 p=1 via=udp-relay] mp send input bundle: first tick=13 player=1 count=24
mp[129 sid=4051984249 rid=0 epoch=0 host=0 p=1 via=udp-relay] mp send input bundle: first tick=13 player=1 count=24
mp[130 sid=4051984249 rid=0 epoch=0 host=0 p=1 via=udp-relay] mp send input bundle: first tick=13 player=1 count=24
mp[131 sid=4051984249 rid=0 epoch=0 host=0 p=1 via=udp-relay] mp send input bundle: first tick=13 player=1 count=24
mp[132 sid=4051984249 rid=0 epoch=0 host=0 p=1 via=udp-relay] mp actor mismatch: tick=0 local=7870684125600189698 remote=7011419174046777795
mp[133 sid=4051984249 rid=0 epoch=0 host=0 p=1 via=udp-relay] mp desync: tick=0 rand local=2145189970 remote=2145189970 flags(pos=0 rand=0 actor=1 world=0) action=actor-resync p0(10.00,9.50)->(10.00,9.50) p1(10.50,8.50)->(10.50,8.50)
mp[134 sid=4051984249 rid=0 epoch=0 host=0 p=1 via=udp-relay] mp send input bundle: first tick=13 player=1 count=24
mp[135 sid=4051984249 rid=0 epoch=0 host=0 p=1 via=udp-relay] mp send input bundle: first tick=13 player=1 count=24
mp[136 sid=4051984249 rid=0 epoch=0 host=0 p=1 via=udp-relay] mp send input bundle: first tick=13 player=1 count=24
mp[137 sid=4051984249 rid=0 epoch=0 host=0 p=1 via=udp-relay] mp send input bundle: first tick=13 player=1 count=24
mp[138 sid=4051984249 rid=0 epoch=0 host=0 p=1 via=udp-relay] mp send input bundle: first tick=13 player=1 count=24
mp[139 sid=4051984249 rid=0 epoch=0 host=0 p=1 via=udp-relay] mp send input bundle: first tick=13 player=1 count=24
mp[140 sid=4051984249 rid=0 epoch=0 host=0 p=1 via=udp-relay] mp send input bundle: first tick=13 player=1 count=24
mp[141 sid=4051984249 rid=0 epoch=0 host=0 p=1 via=udp-relay] mp send input bundle: first tick=13 player=1 count=24
mp[142 sid=4051984249 rid=0 epoch=0 host=0 p=1 via=udp-relay] mp send input bundle: first tick=13 player=1 count=24
mp[143 sid=4051984249 rid=0 epoch=0 host=0 p=1 via=udp-relay] mp send input bundle: first tick=13 player=1 count=24
mp[144 sid=4051984249 rid=0 epoch=0 host=0 p=1 via=udp-relay] mp send input bundle: first tick=13 player=1 count=24
mp[145 sid=4051984249 rid=0 epoch=0 host=0 p=1 via=udp-relay] mp send input bundle: first tick=13 player=1 count=24
mp[146 sid=4051984249 rid=0 epoch=0 host=0 p=1 via=udp-relay] mp send input bundle: first tick=13 player=1 count=24
mp[147 sid=4051984249 rid=0 epoch=0 host=0 p=1 via=udp-relay] mp send input bundle: first tick=13 player=1 count=24
mp[148 sid=4051984249 rid=0 epoch=0 host=0 p=1 via=udp-relay] mp send input bundle: first tick=13 player=1 count=24
mp[149 sid=4051984249 rid=0 epoch=0 host=0 p=1 via=udp-relay] mp send input bundle: first tick=13 player=1 count=24
mp[150 sid=4051984249 rid=0 epoch=0 host=0 p=1 via=udp-relay] mp send input bundle: first tick=13 player=1 count=24
mp[151 sid=4051984249 rid=0 epoch=0 host=0 p=1 via=udp-relay] mp send input bundle: first tick=13 player=1 count=24
mp[152 sid=4051984249 rid=0 epoch=0 host=0 p=1 via=udp-relay] mp send input bundle: first tick=13 player=1 count=24
mp[153 sid=4051984249 rid=0 epoch=0 host=0 p=1 via=udp-relay] mp send input bundle: first tick=13 player=1 count=24
mp[154 sid=4051984249 rid=0 epoch=0 host=0 p=1 via=udp-relay] mp send input bundle: first tick=13 player=1 count=24
mp[155 sid=4051984249 rid=0 epoch=0 host=0 p=1 via=udp-relay] mp send input bundle: first tick=13 player=1 count=24
mp[156 sid=4051984249 rid=0 epoch=0 host=0 p=1 via=udp-relay] mp send input bundle: first tick=13 player=1 count=24
mp[157 sid=4051984249 rid=0 epoch=0 host=0 p=1 via=udp-relay] mp send input bundle: first tick=13 player=1 count=24
mp[158 sid=4051984249 rid=0 epoch=0 host=0 p=1 via=udp-relay] mp send input bundle: first tick=13 player=1 count=24
mp[159 sid=4051984249 rid=0 epoch=0 host=0 p=1 via=udp-relay] mp send input bundle: first tick=13 player=1 count=24
mp[160 sid=4051984249 rid=0 epoch=0 host=0 p=1 via=udp-relay] mp send input bundle: first tick=13 player=1 count=24
mp[161 sid=4051984249 rid=0 epoch=0 host=0 p=1 via=udp-relay] mp send input bundle: first tick=13 player=1 count=24
mp[162 sid=4051984249 rid=0 epoch=0 host=0 p=1 via=udp-relay] mp send input bundle: first tick=13 player=1 count=24
mp[163 sid=4051984249 rid=0 epoch=0 host=0 p=1 via=udp-relay] mp send input bundle: first tick=13 player=1 count=24
mp[164 sid=4051984249 rid=0 epoch=0 host=0 p=1 via=udp-relay] mp send input bundle: first tick=13 player=1 count=24
mp[165 sid=4051984249 rid=0 epoch=0 host=0 p=1 via=udp-relay] mp send input bundle: first tick=13 player=1 count=24
mp[166 sid=4051984249 rid=0 epoch=0 host=0 p=1 via=udp-relay] mp send input bundle: first tick=13 player=1 count=24
mp[167 sid=4051984249 rid=0 epoch=0 host=0 p=1 via=udp-relay] mp send input bundle: first tick=13 player=1 count=24
mp[168 sid=4051984249 rid=0 epoch=0 host=0 p=1 via=udp-relay] mp send input bundle: first tick=13 player=1 count=24
mp[169 sid=4051984249 rid=0 epoch=0 host=0 p=1 via=udp-relay] mp send input bundle: first tick=13 player=1 count=24
mp[170 sid=4051984249 rid=0 epoch=0 host=0 p=1 via=udp-relay] mp send input bundle: first tick=13 player=1 count=24
mp[171 sid=4051984249 rid=0 epoch=0 host=0 p=1 via=udp-relay] mp send input bundle: first tick=13 player=1 count=24
mp[172 sid=4051984249 rid=0 epoch=0 host=0 p=1 via=udp-relay] mp send input bundle: first tick=13 player=1 count=24
mp[173 sid=4051984249 rid=0 epoch=0 host=0 p=1 via=udp-relay] mp send ready via=udp-relay session=4051984249 epoch=0 load=1
mp[174 sid=4051984249 rid=0 epoch=0 host=0 p=1 via=udp-relay] mp send input bundle: first tick=13 player=1 count=24
mp[175 sid=4051984249 rid=0 epoch=0 host=0 p=1 via=udp-relay] mp send input bundle: first tick=13 player=1 count=24
mp[176 sid=4051984249 rid=0 epoch=0 host=0 p=1 via=udp-relay] mp send input bundle: first tick=13 player=1 count=24
mp[177 sid=4051984249 rid=0 epoch=0 host=0 p=1 via=udp-relay] mp send input bundle: first tick=13 player=1 count=24
mp[178 sid=4051984249 rid=0 epoch=0 host=0 p=1 via=udp-relay] mp send input bundle: first tick=13 player=1 count=24
mp[179 sid=4051984249 rid=0 epoch=0 host=0 p=1 via=udp-relay] mp send input bundle: first tick=13 player=1 count=24
mp[180 sid=4051984249 rid=0 epoch=0 host=0 p=1 via=udp-relay] mp send input bundle: first tick=13 player=1 count=24
mp[181 sid=4051984249 rid=0 epoch=0 host=0 p=1 via=udp-relay] mp send input bundle: first tick=13 player=1 count=24
mp[182 sid=4051984249 rid=0 epoch=0 host=0 p=1 via=udp-relay] mp send input bundle: first tick=13 player=1 count=24
mp[183 sid=4051984249 rid=0 epoch=0 host=0 p=1 via=udp-relay] mp send input bundle: first tick=13 player=1 count=24
mp[184 sid=4051984249 rid=0 epoch=0 host=0 p=1 via=udp-relay] mp send input bundle: first tick=13 player=1 count=24
mp[185 sid=4051984249 rid=0 epoch=0 host=0 p=1 via=udp-relay] mp actor mismatch: tick=0 local=7870684125600189698 remote=7011419174046777795
mp[186 sid=4051984249 rid=0 epoch=0 host=0 p=1 via=udp-relay] mp desync: tick=0 rand local=2145189970 remote=2145189970 flags(pos=0 rand=0 actor=1 world=0) action=actor-resync p0(10.00,9.50)->(10.00,9.50) p1(10.50,8.50)->(10.50,8.50)
mp[187 sid=4051984249 rid=0 epoch=0 host=0 p=1 via=udp-relay] mp send input bundle: first tick=13 player=1 count=24
mp[188 sid=4051984249 rid=0 epoch=0 host=0 p=1 via=udp-relay] mp send input bundle: first tick=13 player=1 count=24
mp[189 sid=4051984249 rid=0 epoch=0 host=0 p=1 via=udp-relay] mp send input bundle: first tick=13 player=1 count=24
mp[190 sid=4051984249 rid=0 epoch=0 host=0 p=1 via=udp-relay] mp send input bundle: first tick=13 player=1 count=24
mp[191 sid=4051984249 rid=0 epoch=0 host=0 p=1 via=udp-relay] mp send input bundle: first tick=13 player=1 count=24
mp[192 sid=4051984249 rid=0 epoch=0 host=0 p=1 via=udp-relay] mp send input bundle: first tick=13 player=1 count=24
mp[193 sid=4051984249 rid=0 epoch=0 host=0 p=1 via=udp-relay] mp send input bundle: first tick=13 player=1 count=24
mp[194 sid=4051984249 rid=0 epoch=0 host=0 p=1 via=udp-relay] mp send input bundle: first tick=13 player=1 count=24
mp[195 sid=4051984249 rid=0 epoch=0 host=0 p=1 via=udp-relay] mp send input bundle: first tick=13 player=1 count=24
mp[196 sid=4051984249 rid=0 epoch=0 host=0 p=1 via=udp-relay] mp send input bundle: first tick=13 player=1 count=24
mp[197 sid=4051984249 rid=0 epoch=0 host=0 p=1 via=udp-relay] mp send input bundle: first tick=13 player=1 count=24
mp[198 sid=4051984249 rid=0 epoch=0 host=0 p=1 via=udp-relay] mp send input bundle: first tick=13 player=1 count=24
mp[199 sid=4051984249 rid=0 epoch=0 host=0 p=1 via=udp-relay] mp send input bundle: first tick=13 player=1 count=24
mp[200 sid=4051984249 rid=0 epoch=0 host=0 p=1 via=udp-relay] mp send input bundle: first tick=13 player=1 count=24
mp[201 sid=4051984249 rid=0 epoch=0 host=0 p=1 via=udp-relay] mp send input bundle: first tick=13 player=1 count=24
mp[202 sid=4051984249 rid=0 epoch=0 host=0 p=1 via=udp-relay] mp send input bundle: first tick=13 player=1 count=24
mp[203 sid=4051984249 rid=0 epoch=0 host=0 p=1 via=udp-relay] mp send input bundle: first tick=13 player=1 count=24
mp[204 sid=4051984249 rid=0 epoch=0 host=0 p=1 via=udp-relay] mp send input bundle: first tick=13 player=1 count=24
mp[205 sid=4051984249 rid=0 epoch=0 host=0 p=1 via=udp-relay] mp send input bundle: first tick=13 player=1 count=24
mp[206 sid=4051984249 rid=0 epoch=0 host=0 p=1 via=udp-relay] mp send input bundle: first tick=13 player=1 count=24
mp[207 sid=4051984249 rid=0 epoch=0 host=0 p=1 via=udp-relay] mp send input bundle: first tick=13 player=1 count=24
mp[208 sid=4051984249 rid=0 epoch=0 host=0 p=1 via=udp-relay] mp send input bundle: first tick=13 player=1 count=24
mp[209 sid=4051984249 rid=0 epoch=0 host=0 p=1 via=udp-relay] mp send input bundle: first tick=13 player=1 count=24
mp[210 sid=4051984249 rid=0 epoch=0 host=0 p=1 via=udp-relay] mp send input bundle: first tick=13 player=1 count=24
mp[211 sid=4051984249 rid=0 epoch=0 host=0 p=1 via=udp-relay] mp send input bundle: first tick=13 player=1 count=24
mp[212 sid=4051984249 rid=0 epoch=0 host=0 p=1 via=udp-relay] mp send input bundle: first tick=13 player=1 count=24
mp[213 sid=4051984249 rid=0 epoch=0 host=0 p=1 via=udp-relay] mp send input bundle: first tick=13 player=1 count=24
mp[214 sid=4051984249 rid=0 epoch=0 host=0 p=1 via=udp-relay] mp send input bundle: first tick=13 player=1 count=24
mp[215 sid=4051984249 rid=0 epoch=0 host=0 p=1 via=udp-relay] mp send input bundle: first tick=13 player=1 count=24
mp[216 sid=4051984249 rid=0 epoch=0 host=0 p=1 via=udp-relay] mp send input bundle: first tick=13 player=1 count=24
mp[217 sid=4051984249 rid=0 epoch=0 host=0 p=1 via=udp-relay] mp send input bundle: first tick=13 player=1 count=24
mp[218 sid=4051984249 rid=0 epoch=0 host=0 p=1 via=udp-relay] mp send input bundle: first tick=13 player=1 count=24
mp[219 sid=4051984249 rid=0 epoch=0 host=0 p=1 via=udp-relay] mp send input bundle: first tick=13 player=1 count=24
mp[220 sid=4051984249 rid=0 epoch=0 host=0 p=1 via=udp-relay] mp send input bundle: first tick=13 player=1 count=24
mp[221 sid=4051984249 rid=0 epoch=0 host=0 p=1 via=udp-relay] mp send input bundle: first tick=13 player=1 count=24
mp[222 sid=4051984249 rid=0 epoch=0 host=0 p=1 via=udp-relay] mp send input bundle: first tick=13 player=1 count=24
mp[223 sid=4051984249 rid=0 epoch=0 host=0 p=1 via=udp-relay] mp send input bundle: first tick=13 player=1 count=24
mp[224 sid=4051984249 rid=0 epoch=0 host=0 p=1 via=udp-relay] mp send input bundle: first tick=13 player=1 count=24
mp[225 sid=4051984249 rid=0 epoch=0 host=0 p=1 via=udp-relay] mp send input bundle: first tick=13 player=1 count=24
mp[226 sid=4051984249 rid=0 epoch=0 host=0 p=1 via=udp-relay] mp send ready via=udp-relay session=4051984249 epoch=0 load=1
mp[227 sid=4051984249 rid=0 epoch=0 host=0 p=1 via=udp-relay] mp send input bundle: first tick=13 player=1 count=24
mp[228 sid=4051984249 rid=0 epoch=0 host=0 p=1 via=udp-relay] mp send input bundle: first tick=13 player=1 count=24
mp[229 sid=4051984249 rid=0 epoch=0 host=0 p=1 via=udp-relay] mp send input bundle: first tick=13 player=1 count=24
mp[230 sid=4051984249 rid=0 epoch=0 host=0 p=1 via=udp-relay] mp send input bundle: first tick=13 player=1 count=24
mp[231 sid=4051984249 rid=0 epoch=0 host=0 p=1 via=udp-relay] mp send input bundle: first tick=13 player=1 count=24
mp[232 sid=4051984249 rid=0 epoch=0 host=0 p=1 via=udp-relay] mp send input bundle: first tick=13 player=1 count=24
mp[233 sid=4051984249 rid=0 epoch=0 host=0 p=1 via=udp-relay] mp send input bundle: first tick=13 player=1 count=24
mp[234 sid=4051984249 rid=0 epoch=0 host=0 p=1 via=udp-relay] mp send input bundle: first tick=13 player=1 count=24
mp[235 sid=4051984249 rid=0 epoch=0 host=0 p=1 via=udp-relay] mp send input bundle: first tick=13 player=1 count=24
mp[236 sid=4051984249 rid=0 epoch=0 host=0 p=1 via=udp-relay] mp send input bundle: first tick=13 player=1 count=24
mp[237 sid=4051984249 rid=0 epoch=0 host=0 p=1 via=udp-relay] mp send input bundle: first tick=13 player=1 count=24
mp[238 sid=4051984249 rid=0 epoch=0 host=0 p=1 via=udp-relay] mp actor mismatch: tick=0 local=7870684125600189698 remote=7011419174046777795
mp[239 sid=4051984249 rid=0 epoch=0 host=0 p=1 via=udp-relay] mp desync: tick=0 rand local=2145189970 remote=2145189970 flags(pos=0 rand=0 actor=1 world=0) action=actor-resync p0(10.00,9.50)->(10.00,9.50) p1(10.50,8.50)->(10.50,8.50)
mp[240 sid=4051984249 rid=0 epoch=0 host=0 p=1 via=udp-relay] mp send input bundle: first tick=13 player=1 count=24
mp[241 sid=4051984249 rid=0 epoch=0 host=0 p=1 via=udp-relay] mp send input bundle: first tick=13 player=1 count=24
mp[242 sid=4051984249 rid=0 epoch=0 host=0 p=1 via=udp-relay] mp send input bundle: first tick=13 player=1 count=24
mp[243 sid=4051984249 rid=0 epoch=0 host=0 p=1 via=udp-relay] mp send input bundle: first tick=13 player=1 count=24
mp[244 sid=4051984249 rid=0 epoch=0 host=0 p=1 via=udp-relay] mp send input bundle: first tick=13 player=1 count=24
mp[245 sid=4051984249 rid=0 epoch=0 host=0 p=1 via=udp-relay] mp send input bundle: first tick=13 player=1 count=24
mp[246 sid=4051984249 rid=0 epoch=0 host=0 p=1 via=udp-relay] mp send input bundle: first tick=13 player=1 count=24
mp[247 sid=4051984249 rid=0 epoch=0 host=0 p=1 via=udp-relay] mp send input bundle: first tick=13 player=1 count=24
mp[248 sid=4051984249 rid=0 epoch=0 host=0 p=1 via=udp-relay] mp send input bundle: first tick=13 player=1 count=24
mp[249 sid=4051984249 rid=0 epoch=0 host=0 p=1 via=udp-relay] mp send input bundle: first tick=13 player=1 count=24
mp[250 sid=4051984249 rid=0 epoch=0 host=0 p=1 via=udp-relay] mp send input bundle: first tick=13 player=1 count=24
mp[251 sid=4051984249 rid=0 epoch=0 host=0 p=1 via=udp-relay] mp send input bundle: first tick=13 player=1 count=24
mp[252 sid=4051984249 rid=0 epoch=0 host=0 p=1 via=udp-relay] mp send input bundle: first tick=13 player=1 count=24
mp[253 sid=4051984249 rid=0 epoch=0 host=0 p=1 via=udp-relay] mp client: debug options applied tick_ms=10 sim_mut=1
mp[254 sid=4051984249 rid=0 epoch=1 host=0 p=1 via=udp-relay] mp input delay=4 (legacy=4) transport=udp-relay tick_ms=10
mp[255 sid=4051984249 rid=0 epoch=1 host=0 p=1 via=udp-relay] mp client: start allowed
mp[256 sid=4051984249 rid=0 epoch=1 host=0 p=1 via=udp-relay] mp recv input bundle: first tick=0 player=0 count=5
mp[257 sid=4051984249 rid=0 epoch=1 host=0 p=1 via=udp-relay] mp drop resync state: stale tick=0 last=0
mp[258 sid=4051984249 rid=0 epoch=1 host=0 p=1 via=udp-relay] mp world-state recv: tick=0 kinds=1 movable=1
mp[259 sid=4051984249 rid=0 epoch=1 host=0 p=1 via=udp-relay] mp world-state apply kinds: changed=0
mp[260 sid=4051984249 rid=0 epoch=1 host=0 p=1 via=udp-relay] mp world-state applied: world=7136592913069878656 kind=12618684983681954031 state=3962272664704502266 movable=8337504889108507885
mp[261 sid=4051984249 rid=0 epoch=1 host=0 p=1 via=udp-relay] mp should defer start: 0
mp[262 sid=4051984249 rid=0 epoch=1 host=0 p=1 via=udp-relay] mp send input bundle: first tick=0 player=1 count=5
mp[263 sid=4051984249 rid=0 epoch=1 host=0 p=1 via=udp-relay] mp recv input bundle: first tick=1 player=0 count=5
mp[264 sid=4051984249 rid=0 epoch=1 host=0 p=1 via=udp-relay] mp send input bundle: first tick=1 player=1 count=5
mp[265 sid=4051984249 rid=0 epoch=1 host=0 p=1 via=udp-relay] mp recv input bundle: first tick=2 player=0 count=5
mp[266 sid=4051984249 rid=0 epoch=1 host=0 p=1 via=udp-relay] mp send input bundle: first tick=2 player=1 count=5
mp[267 sid=4051984249 rid=0 epoch=1 host=0 p=1 via=udp-relay] mp recv input bundle: first tick=3 player=0 count=5
mp[268 sid=4051984249 rid=0 epoch=1 host=0 p=1 via=udp-relay] mp send input bundle: first tick=3 player=1 count=5
mp[269 sid=4051984249 rid=0 epoch=1 host=0 p=1 via=udp-relay] mp recv input bundle: first tick=4 player=0 count=5
mp[270 sid=4051984249 rid=0 epoch=1 host=0 p=1 via=udp-relay] mp send input bundle: first tick=4 player=1 count=5
mp[271 sid=4051984249 rid=0 epoch=1 host=0 p=1 via=udp-relay] mp recv input bundle: first tick=5 player=0 count=5
mp[272 sid=4051984249 rid=0 epoch=1 host=0 p=1 via=udp-relay] mp send input bundle: first tick=5 player=1 count=5
mp[273 sid=4051984249 rid=0 epoch=1 host=0 p=1 via=udp-relay] mp recv input bundle: first tick=6 player=0 count=5
mp[274 sid=4051984249 rid=0 epoch=1 host=0 p=1 via=udp-relay] mp send input bundle: first tick=6 player=1 count=5
mp[275 sid=4051984249 rid=0 epoch=1 host=0 p=1 via=udp-relay] mp recv input bundle: first tick=7 player=0 count=5
mp[276 sid=4051984249 rid=0 epoch=1 host=0 p=1 via=udp-relay] mp send input bundle: first tick=7 player=1 count=5
mp[277 sid=4051984249 rid=0 epoch=1 host=0 p=1 via=udp-relay] mp recv input bundle: first tick=8 player=0 count=5
mp[278 sid=4051984249 rid=0 epoch=1 host=0 p=1 via=udp-relay] mp send input bundle: first tick=8 player=1 count=5
mp[279 sid=4051984249 rid=0 epoch=1 host=0 p=1 via=udp-relay] mp recv input bundle: first tick=9 player=0 count=5
mp[280 sid=4051984249 rid=0 epoch=1 host=0 p=1 via=udp-relay] mp send input bundle: first tick=9 player=1 count=5
mp[281 sid=4051984249 rid=0 epoch=1 host=0 p=1 via=udp-relay] mp recv input bundle: first tick=10 player=0 count=5
mp[282 sid=4051984249 rid=0 epoch=1 host=0 p=1 via=udp-relay] mp send input bundle: first tick=10 player=1 count=5
mp[283 sid=4051984249 rid=0 epoch=1 host=0 p=1 via=udp-relay] mp recv input bundle: first tick=11 player=0 count=5
mp[284 sid=4051984249 rid=0 epoch=1 host=0 p=1 via=udp-relay] mp send input bundle: first tick=11 player=1 count=5
mp[285 sid=4051984249 rid=0 epoch=1 host=0 p=1 via=udp-relay] mp recv input bundle: first tick=12 player=0 count=5
mp[286 sid=4051984249 rid=0 epoch=1 host=0 p=1 via=udp-relay] mp send input bundle: first tick=12 player=1 count=5
mp[287 sid=4051984249 rid=0 epoch=1 host=0 p=1 via=udp-relay] mp recv input bundle: first tick=13 player=0 count=5
mp[288 sid=4051984249 rid=0 epoch=1 host=0 p=1 via=udp-relay] mp send input bundle: first tick=13 player=1 count=5
mp[289 sid=4051984249 rid=0 epoch=1 host=0 p=1 via=udp-relay] mp recv input bundle: first tick=14 player=0 count=5
mp[290 sid=4051984249 rid=0 epoch=1 host=0 p=1 via=udp-relay] mp send input bundle: first tick=14 player=1 count=5
mp[291 sid=4051984249 rid=0 epoch=1 host=0 p=1 via=udp-relay] mp recv input bundle: first tick=15 player=0 count=5
mp[292 sid=4051984249 rid=0 epoch=1 host=0 p=1 via=udp-relay] mp send input bundle: first tick=15 player=1 count=5
mp[293 sid=4051984249 rid=0 epoch=1 host=0 p=1 via=udp-relay] mp recv input bundle: first tick=16 player=0 count=5
mp[294 sid=4051984249 rid=0 epoch=1 host=0 p=1 via=udp-relay] mp send input bundle: first tick=16 player=1 count=5
mp[295 sid=4051984249 rid=0 epoch=1 host=0 p=1 via=udp-relay] mp recv input bundle: first tick=17 player=0 count=5
mp[296 sid=4051984249 rid=0 epoch=1 host=0 p=1 via=udp-relay] mp send input bundle: first tick=17 player=1 count=5
mp[297 sid=4051984249 rid=0 epoch=1 host=0 p=1 via=udp-relay] mp recv input bundle: first tick=18 player=0 count=5
mp[298 sid=4051984249 rid=0 epoch=1 host=0 p=1 via=udp-relay] mp send input bundle: first tick=18 player=1 count=5
mp[299 sid=4051984249 rid=0 epoch=1 host=0 p=1 via=udp-relay] mp recv input bundle: first tick=19 player=0 count=5
mp[300 sid=4051984249 rid=0 epoch=1 host=0 p=1 via=udp-relay] mp send input bundle: first tick=19 player=1 count=5
mp[301 sid=4051984249 rid=0 epoch=1 host=0 p=1 via=udp-relay] mp actor mismatch: tick=37 local=7870684125600189698 remote=13931246621198602554
mp[302 sid=4051984249 rid=0 epoch=1 host=0 p=1 via=udp-relay] mp desync: tick=37 rand local=2145189970 remote=2145189970 flags(pos=1 rand=0 actor=1 world=0) action=soft-resync p0(10.00,9.50)->(9.31,9.03) p1(10.50,8.50)->(10.50,8.50)
mp[303 sid=4051984249 rid=0 epoch=1 host=0 p=1 via=udp-relay] mp dump: reason=sync_current_mismatch epoch=1 tick=37 host=0 transport=udp-relay expected=2 local_player=1 seed=2145189970
mp[304 sid=4051984249 rid=0 epoch=1 host=0 p=1 via=udp-relay] mp dump: local rand=2145189970
mp[305 sid=4051984249 rid=0 epoch=1 host=0 p=1 via=udp-relay] mp dump: level id=sesame path=./data/levels/enigma_peroxyd/peroxyd04_2.xml difficult=1 compat=2
mp[306 sid=4051984249 rid=0 epoch=1 host=0 p=1 via=udp-relay] mp dump: ref p0 kind=ac_marble_black obj=1445 ctrl=1 name= pos=10.00,9.50 vel=0.00,0.00
mp[307 sid=4051984249 rid=0 epoch=1 host=0 p=1 via=udp-relay] mp dump: ref p1 kind=ac_marble_black obj=1547 ctrl=2 name= pos=10.50,8.50 vel=0.00,0.00
mp[308 sid=4051984249 rid=0 epoch=1 host=0 p=1 via=udp-relay] mp dump: sync tick=37 rand=2145189970 world=7136592913069878656 actor=13931246621198602554 p0=(9.31,9.03) p1=(10.50,8.50)
mp[309 sid=4051984249 rid=0 epoch=1 host=0 p=1 via=udp-relay] mp dump: actors=2
mp[310 sid=4051984249 rid=0 epoch=1 host=0 p=1 via=udp-relay] mp dump: actor kind_id=0 kind=ac_marble_black obj=1445 owner=0 ctrl=1 color=0 name= pos=1000,950 vel=0,0
mp[311 sid=4051984249 rid=0 epoch=1 host=0 p=1 via=udp-relay] mp dump: actor kind_id=0 kind=ac_marble_black obj=1547 owner=1 ctrl=2 color=0 name= pos=1050,850 vel=0,0
mp[312 sid=4051984249 rid=0 epoch=1 host=0 p=1 via=udp-relay] mp resync recv: state tick=50 local tick=50 delta=0 actors=2
mp[313 sid=4051984249 rid=0 epoch=1 host=0 p=1 via=udp-relay] mp resync applied: actors=2 (obj_id=0 group=2) max_pos_delta=1.395
mp[314 sid=4051984249 rid=0 epoch=1 host=0 p=1 via=udp-relay] mp world-state recv: tick=50 kinds=1 movable=1
mp[315 sid=4051984249 rid=0 epoch=1 host=0 p=1 via=udp-relay] mp world-state apply kinds: changed=0
mp[316 sid=4051984249 rid=0 epoch=1 host=0 p=1 via=udp-relay] mp world-state applied: world=7136592913069878656 kind=12618684983681954031 state=3962272664704502266 movable=8337504889108507885
mp[317 sid=4051984249 rid=0 epoch=1 host=0 p=1 via=udp-relay] mp actor mismatch: tick=87 local=13696274653108612637 remote=366400364238818344
mp[318 sid=4051984249 rid=0 epoch=1 host=0 p=1 via=udp-relay] mp desync: tick=87 rand local=2145189970 remote=2145189970 flags(pos=1 rand=0 actor=1 world=0) action=soft-resync p0(8.99,8.53)->(9.25,6.03) p1(10.50,8.50)->(10.50,8.50)
mp[319 sid=4051984249 rid=0 epoch=1 host=0 p=1 via=udp-relay] mp resync recv: state tick=100 local tick=100 delta=0 actors=2
mp[320 sid=4051984249 rid=0 epoch=1 host=0 p=1 via=udp-relay] mp resync applied: actors=2 (obj_id=0 group=2) max_pos_delta=2.870
mp[321 sid=4051984249 rid=0 epoch=1 host=0 p=1 via=udp-relay] mp world-state recv: tick=100 kinds=1 movable=1
mp[322 sid=4051984249 rid=0 epoch=1 host=0 p=1 via=udp-relay] mp world-state apply kinds: changed=0
mp[323 sid=4051984249 rid=0 epoch=1 host=0 p=1 via=udp-relay] mp world-state applied: world=7136592913069878656 kind=12618684983681954031 state=3962272664704502266 movable=8337504889108507885
mp[324 sid=4051984249 rid=0 epoch=1 host=0 p=1 via=udp-relay] mp actor mismatch: tick=137 local=9016579569170765295 remote=7628771718878738962
mp[325 sid=4051984249 rid=0 epoch=1 host=0 p=1 via=udp-relay] mp desync: tick=137 rand local=2145189970 remote=2145189970 flags(pos=0 rand=0 actor=1 world=0) action=actor-resync p0(11.44,4.78)->(11.44,4.78) p1(10.50,8.50)->(10.50,8.50)
mp[326 sid=4051984249 rid=0 epoch=1 host=0 p=1 via=udp-relay] mp resync recv: state tick=150 local tick=151 delta=1 actors=2
mp[327 sid=4051984249 rid=0 epoch=1 host=0 p=1 via=udp-relay] mp resync applied: actors=2 (obj_id=0 group=2) max_pos_delta=0.054
mp[328 sid=4051984249 rid=0 epoch=1 host=0 p=1 via=udp-relay] mp world-state recv: tick=150 kinds=1 movable=1
mp[329 sid=4051984249 rid=0 epoch=1 host=0 p=1 via=udp-relay] mp world-state apply kinds: changed=0
mp[330 sid=4051984249 rid=0 epoch=1 host=0 p=1 via=udp-relay] mp world-state applied: world=7136592913069878656 kind=12618684983681954031 state=3962272664704502266 movable=8337504889108507885
mp[331 sid=4051984249 rid=0 epoch=1 host=0 p=1 via=udp-relay] mp actor mismatch: tick=187 local=12562810222371795391 remote=10924337275982470903
mp[332 sid=4051984249 rid=0 epoch=1 host=0 p=1 via=udp-relay] mp desync: tick=187 rand local=2145189970 remote=2145189970 flags(pos=0 rand=0 actor=1 world=0) action=actor-resync p0(11.88,5.08)->(11.88,5.08) p1(10.50,8.50)->(10.50,8.50)
mp[333 sid=4051984249 rid=0 epoch=1 host=0 p=1 via=udp-relay] mp resync recv: state tick=200 local tick=200 delta=0 actors=2
mp[334 sid=4051984249 rid=0 epoch=1 host=0 p=1 via=udp-relay] mp resync applied: actors=2 (obj_id=0 group=2) max_pos_delta=0.014
mp[335 sid=4051984249 rid=0 epoch=1 host=0 p=1 via=udp-relay] mp world-state recv: tick=200 kinds=1 movable=1
mp[336 sid=4051984249 rid=0 epoch=1 host=0 p=1 via=udp-relay] mp world-state apply kinds: changed=0
mp[337 sid=4051984249 rid=0 epoch=1 host=0 p=1 via=udp-relay] mp world-state applied: world=7136592913069878656 kind=12618684983681954031 state=3962272664704502266 movable=8337504889108507885
mp[338 sid=4051984249 rid=0 epoch=1 host=0 p=1 via=udp-relay] mp actor mismatch: tick=237 local=17353746653667217170 remote=3823963900739822739
mp[339 sid=4051984249 rid=0 epoch=1 host=0 p=1 via=udp-relay] mp desync: tick=237 rand local=2145189970 remote=2145189970 flags(pos=0 rand=0 actor=1 world=0) action=actor-resync p0(8.70,4.36)->(8.70,4.36) p1(10.50,8.50)->(10.50,8.50)
mp[340 sid=4051984249 rid=0 epoch=1 host=0 p=1 via=udp-relay] mp resync recv: state tick=250 local tick=250 delta=0 actors=2
mp[341 sid=4051984249 rid=0 epoch=1 host=0 p=1 via=udp-relay] mp resync applied: actors=2 (obj_id=0 group=2) max_pos_delta=0.000
mp[342 sid=4051984249 rid=0 epoch=1 host=0 p=1 via=udp-relay] mp world-state recv: tick=250 kinds=1 movable=1
mp[343 sid=4051984249 rid=0 epoch=1 host=0 p=1 via=udp-relay] mp world-state apply kinds: changed=0
mp[344 sid=4051984249 rid=0 epoch=1 host=0 p=1 via=udp-relay] mp world-state applied: world=7136592913069878656 kind=12618684983681954031 state=3962272664704502266 movable=8337504889108507885
mp[345 sid=4051984249 rid=0 epoch=1 host=0 p=1 via=udp-relay] mp actor mismatch: tick=287 local=2824337835354155085 remote=12149620709043467200
mp[346 sid=4051984249 rid=0 epoch=1 host=0 p=1 via=udp-relay] mp desync: tick=287 rand local=2145189970 remote=2145189970 flags(pos=0 rand=0 actor=1 world=0) action=actor-resync p0(12.77,1.91)->(12.77,1.91) p1(10.50,8.50)->(10.50,8.50)
mp[347 sid=4051984249 rid=0 epoch=1 host=0 p=1 via=udp-relay] mp resync recv: state tick=300 local tick=300 delta=0 actors=2
mp[348 sid=4051984249 rid=0 epoch=1 host=0 p=1 via=udp-relay] mp resync applied: actors=2 (obj_id=0 group=2) max_pos_delta=0.000
mp[349 sid=4051984249 rid=0 epoch=1 host=0 p=1 via=udp-relay] mp world-state recv: tick=300 kinds=1 movable=1
mp[350 sid=4051984249 rid=0 epoch=1 host=0 p=1 via=udp-relay] mp world-state apply kinds: changed=0
mp[351 sid=4051984249 rid=0 epoch=1 host=0 p=1 via=udp-relay] mp world-state applied: world=7136592913069878656 kind=12618684983681954031 state=3962272664704502266 movable=8337504889108507885
mp[352 sid=4051984249 rid=0 epoch=1 host=0 p=1 via=udp-relay] mp actor mismatch: tick=337 local=11870076446334400059 remote=3116120625017476026
mp[353 sid=4051984249 rid=0 epoch=1 host=0 p=1 via=udp-relay] mp desync: tick=337 rand local=2145189970 remote=2145189970 flags(pos=0 rand=0 actor=1 world=0) action=actor-resync p0(8.91,2.54)->(8.91,2.54) p1(10.50,8.50)->(10.50,8.50)
mp[354 sid=4051984249 rid=0 epoch=1 host=0 p=1 via=udp-relay] mp resync recv: state tick=350 local tick=350 delta=0 actors=2
mp[355 sid=4051984249 rid=0 epoch=1 host=0 p=1 via=udp-relay] mp resync applied: actors=2 (obj_id=0 group=2) max_pos_delta=0.000
mp[356 sid=4051984249 rid=0 epoch=1 host=0 p=1 via=udp-relay] mp world-state recv: tick=350 kinds=1 movable=1
mp[357 sid=4051984249 rid=0 epoch=1 host=0 p=1 via=udp-relay] mp world-state apply kinds: changed=0
mp[358 sid=4051984249 rid=0 epoch=1 host=0 p=1 via=udp-relay] mp world-state applied: world=7136592913069878656 kind=12618684983681954031 state=3962272664704502266 movable=8337504889108507885
mp[359 sid=4051984249 rid=0 epoch=1 host=0 p=1 via=udp-relay] mp actor mismatch: tick=387 local=12006076991697171716 remote=11288030041025204393
mp[360 sid=4051984249 rid=0 epoch=1 host=0 p=1 via=udp-relay] mp desync: tick=387 rand local=2145189970 remote=2145189970 flags(pos=0 rand=0 actor=1 world=0) action=actor-resync p0(12.82,5.59)->(12.82,5.59) p1(10.50,8.50)->(10.50,8.50)
mp[361 sid=4051984249 rid=0 epoch=1 host=0 p=1 via=udp-relay] mp resync recv: state tick=400 local tick=400 delta=0 actors=2
mp[362 sid=4051984249 rid=0 epoch=1 host=0 p=1 via=udp-relay] mp resync applied: actors=2 (obj_id=0 group=2) max_pos_delta=0.000
mp[363 sid=4051984249 rid=0 epoch=1 host=0 p=1 via=udp-relay] mp world-state recv: tick=400 kinds=1 movable=1
mp[364 sid=4051984249 rid=0 epoch=1 host=0 p=1 via=udp-relay] mp world-state apply kinds: changed=0
mp[365 sid=4051984249 rid=0 epoch=1 host=0 p=1 via=udp-relay] mp world-state applied: world=7136592913069878656 kind=12618684983681954031 state=3962272664704502266 movable=8337504889108507885
mp[366 sid=4051984249 rid=0 epoch=1 host=0 p=1 via=udp-relay] mp actor mismatch: tick=437 local=348529990696430669 remote=3951861585004246720
mp[367 sid=4051984249 rid=0 epoch=1 host=0 p=1 via=udp-relay] mp desync: tick=437 rand local=2145189970 remote=2145189970 flags(pos=0 rand=0 actor=1 world=0) action=actor-resync p0(9.06,6.38)->(9.06,6.38) p1(10.50,8.50)->(10.50,8.50)
mp[368 sid=4051984249 rid=0 epoch=1 host=0 p=1 via=udp-relay] mp resync recv: state tick=450 local tick=450 delta=0 actors=2
mp[369 sid=4051984249 rid=0 epoch=1 host=0 p=1 via=udp-relay] mp resync applied: actors=2 (obj_id=0 group=2) max_pos_delta=0.000
mp[370 sid=4051984249 rid=0 epoch=1 host=0 p=1 via=udp-relay] mp world-state recv: tick=450 kinds=1 movable=2
mp[371 sid=4051984249 rid=0 epoch=1 host=0 p=1 via=udp-relay] mp world-state apply kinds: changed=0
mp[372 sid=4051984249 rid=0 epoch=1 host=0 p=1 via=udp-relay] mp world-state applied: world=4312255559220160178 kind=5511836680227157208 state=3962272664704502266 movable=9721547495018591544
mp[373 sid=4051984249 rid=0 epoch=1 host=0 p=1 via=udp-relay] mp actor mismatch: tick=487 local=8688955296145910383 remote=16566429362442725746
mp[374 sid=4051984249 rid=0 epoch=1 host=0 p=1 via=udp-relay] mp desync: tick=487 rand local=2145189970 remote=2145189970 flags(pos=0 rand=0 actor=1 world=0) action=actor-resync p0(8.91,6.59)->(8.91,6.59) p1(10.50,8.50)->(10.50,8.50)
mp[375 sid=4051984249 rid=0 epoch=1 host=0 p=1 via=udp-relay] mp resync recv: state tick=500 local tick=500 delta=0 actors=2
mp[376 sid=4051984249 rid=0 epoch=1 host=0 p=1 via=udp-relay] mp resync applied: actors=2 (obj_id=0 group=2) max_pos_delta=0.000
mp[377 sid=4051984249 rid=0 epoch=1 host=0 p=1 via=udp-relay] mp world-state recv: tick=500 kinds=1 movable=2
mp[378 sid=4051984249 rid=0 epoch=1 host=0 p=1 via=udp-relay] mp world-state apply kinds: changed=0
mp[379 sid=4051984249 rid=0 epoch=1 host=0 p=1 via=udp-relay] mp world-state applied: world=4312255559220160178 kind=5511836680227157208 state=3962272664704502266 movable=9721547495018591544
mp[380 sid=4051984249 rid=0 epoch=1 host=0 p=1 via=udp-relay] mp actor mismatch: tick=537 local=12238364188036644351 remote=4127643031259302786
mp[381 sid=4051984249 rid=0 epoch=1 host=0 p=1 via=udp-relay] mp desync: tick=537 rand local=2145189970 remote=2145189970 flags(pos=0 rand=0 actor=1 world=0) action=actor-resync p0(9.37,7.74)->(9.37,7.74) p1(10.50,8.50)->(10.50,8.50)
mp[382 sid=4051984249 rid=0 epoch=1 host=0 p=1 via=udp-relay] mp resync recv: state tick=550 local tick=551 delta=1 actors=2
mp[383 sid=4051984249 rid=0 epoch=1 host=0 p=1 via=udp-relay] mp resync applied: actors=2 (obj_id=0 group=2) max_pos_delta=0.007
mp[384 sid=4051984249 rid=0 epoch=1 host=0 p=1 via=udp-relay] mp world-state recv: tick=550 kinds=1 movable=3
mp[385 sid=4051984249 rid=0 epoch=1 host=0 p=1 via=udp-relay] mp world-state apply kinds: changed=0
mp[386 sid=4051984249 rid=0 epoch=1 host=0 p=1 via=udp-relay] mp world-state applied: world=10576863157380267032 kind=13041698030828450345 state=3962272664704502266 movable=4421872775055847283
mp[387 sid=4051984249 rid=0 epoch=1 host=0 p=1 via=udp-relay] mp actor mismatch: tick=587 local=15639869356278253906 remote=15933032246511724691
mp[388 sid=4051984249 rid=0 epoch=1 host=0 p=1 via=udp-relay] mp desync: tick=587 rand local=2145189970 remote=2145189970 flags(pos=0 rand=0 actor=1 world=0) action=actor-resync p0(9.05,7.67)->(9.05,7.67) p1(10.50,8.50)->(10.50,8.50)
mp[389 sid=4051984249 rid=0 epoch=1 host=0 p=1 via=udp-relay] mp resync recv: state tick=600 local tick=600 delta=0 actors=2
mp[390 sid=4051984249 rid=0 epoch=1 host=0 p=1 via=udp-relay] mp resync applied: actors=2 (obj_id=0 group=2) max_pos_delta=0.000
mp[391 sid=4051984249 rid=0 epoch=1 host=0 p=1 via=udp-relay] mp world-state recv: tick=600 kinds=1 movable=3
mp[392 sid=4051984249 rid=0 epoch=1 host=0 p=1 via=udp-relay] mp world-state apply kinds: changed=0
mp[393 sid=4051984249 rid=0 epoch=1 host=0 p=1 via=udp-relay] mp world-state applied: world=10576863157380267032 kind=13041698030828450345 state=3962272664704502266 movable=4421872775055847283
mp[394 sid=4051984249 rid=0 epoch=1 host=0 p=1 via=udp-relay] mp actor mismatch: tick=637 local=4125862284834539127 remote=8982590368601757642
mp[395 sid=4051984249 rid=0 epoch=1 host=0 p=1 via=udp-relay] mp desync: tick=637 rand local=2145189970 remote=2145189970 flags(pos=0 rand=0 actor=1 world=0) action=actor-resync p0(9.00,7.76)->(9.00,7.76) p1(10.50,8.50)->(10.50,8.50)
mp[396 sid=4051984249 rid=0 epoch=1 host=0 p=1 via=udp-relay] mp resync recv: state tick=650 local tick=650 delta=0 actors=2
mp[397 sid=4051984249 rid=0 epoch=1 host=0 p=1 via=udp-relay] mp resync applied: actors=2 (obj_id=0 group=2) max_pos_delta=0.000
mp[398 sid=4051984249 rid=0 epoch=1 host=0 p=1 via=udp-relay] mp world-state recv: tick=650 kinds=1 movable=3
mp[399 sid=4051984249 rid=0 epoch=1 host=0 p=1 via=udp-relay] mp world-state apply kinds: changed=0
mp[400 sid=4051984249 rid=0 epoch=1 host=0 p=1 via=udp-relay] mp world-state applied: world=10576863157380267032 kind=13041698030828450345 state=3962272664704502266 movable=4421872775055847283
mp[401 sid=4051984249 rid=0 epoch=1 host=0 p=1 via=udp-relay] mp actor mismatch: tick=687 local=8713048142518444907 remote=16166237345933574430
mp[402 sid=4051984249 rid=0 epoch=1 host=0 p=1 via=udp-relay] mp desync: tick=687 rand local=2145189970 remote=2145189970 flags(pos=0 rand=0 actor=1 world=0) action=actor-resync p0(8.98,7.81)->(8.98,7.81) p1(10.50,8.50)->(10.50,8.50)
mp[403 sid=4051984249 rid=0 epoch=1 host=0 p=1 via=udp-relay] mp resync recv: state tick=700 local tick=700 delta=0 actors=2
mp[404 sid=4051984249 rid=0 epoch=1 host=0 p=1 via=udp-relay] mp resync applied: actors=2 (obj_id=0 group=2) max_pos_delta=0.000
mp[405 sid=4051984249 rid=0 epoch=1 host=0 p=1 via=udp-relay] mp world-state recv: tick=700 kinds=1 movable=3
mp[406 sid=4051984249 rid=0 epoch=1 host=0 p=1 via=udp-relay] mp world-state apply kinds: changed=0
mp[407 sid=4051984249 rid=0 epoch=1 host=0 p=1 via=udp-relay] mp world-state applied: world=10576863157380267032 kind=13041698030828450345 state=3962272664704502266 movable=4421872775055847283
mp[408 sid=4051984249 rid=0 epoch=1 host=0 p=1 via=udp-relay] mp actor mismatch: tick=737 local=3666908869107600581 remote=10775327410533318504
mp[409 sid=4051984249 rid=0 epoch=1 host=0 p=1 via=udp-relay] mp desync: tick=737 rand local=2145189970 remote=2145189970 flags(pos=0 rand=0 actor=1 world=0) action=actor-resync p0(9.28,8.35)->(9.28,8.35) p1(10.50,8.50)->(10.50,8.50)
mp[410 sid=4051984249 rid=0 epoch=1 host=0 p=1 via=udp-relay] mp resync recv: state tick=750 local tick=750 delta=0 actors=2
mp[411 sid=4051984249 rid=0 epoch=1 host=0 p=1 via=udp-relay] mp resync applied: actors=2 (obj_id=0 group=2) max_pos_delta=0.000
mp[412 sid=4051984249 rid=0 epoch=1 host=0 p=1 via=udp-relay] mp world-state recv: tick=750 kinds=1 movable=3
mp[413 sid=4051984249 rid=0 epoch=1 host=0 p=1 via=udp-relay] mp world-state apply kinds: changed=0
mp[414 sid=4051984249 rid=0 epoch=1 host=0 p=1 via=udp-relay] mp world-state applied: world=9507288435417546482 kind=13321148928187359753 state=3962272664704502266 movable=15021821541671933107
mp[415 sid=4051984249 rid=0 epoch=1 host=0 p=1 via=udp-relay] mp actor mismatch: tick=787 local=15012266309792024691 remote=17839274754826651222
mp[416 sid=4051984249 rid=0 epoch=1 host=0 p=1 via=udp-relay] mp desync: tick=787 rand local=2145189970 remote=2145189970 flags(pos=0 rand=0 actor=1 world=0) action=actor-resync p0(8.54,8.43)->(8.54,8.43) p1(10.50,8.50)->(10.50,8.50)
mp[417 sid=4051984249 rid=0 epoch=1 host=0 p=1 via=udp-relay] mp resync recv: state tick=800 local tick=800 delta=0 actors=2
mp[418 sid=4051984249 rid=0 epoch=1 host=0 p=1 via=udp-relay] mp resync applied: actors=2 (obj_id=0 group=2) max_pos_delta=0.000
mp[419 sid=4051984249 rid=0 epoch=1 host=0 p=1 via=udp-relay] mp world-state recv: tick=800 kinds=1 movable=3
mp[420 sid=4051984249 rid=0 epoch=1 host=0 p=1 via=udp-relay] mp world-state apply kinds: changed=0
mp[421 sid=4051984249 rid=0 epoch=1 host=0 p=1 via=udp-relay] mp world-state applied: world=9507288435417546482 kind=13321148928187359753 state=3962272664704502266 movable=15021821541671933107
mp[422 sid=4051984249 rid=0 epoch=1 host=0 p=1 via=udp-relay] mp actor mismatch: tick=837 local=15272035733204215902 remote=1644783684414656239
mp[423 sid=4051984249 rid=0 epoch=1 host=0 p=1 via=udp-relay] mp desync: tick=837 rand local=2145189970 remote=2145189970 flags(pos=0 rand=0 actor=1 world=0) action=actor-resync p0(8.21,8.28)->(8.21,8.28) p1(10.50,8.50)->(10.50,8.50)
mp[424 sid=4051984249 rid=0 epoch=1 host=0 p=1 via=udp-relay] mp resync recv: state tick=850 local tick=850 delta=0 actors=2
mp[425 sid=4051984249 rid=0 epoch=1 host=0 p=1 via=udp-relay] mp resync applied: actors=2 (obj_id=0 group=2) max_pos_delta=0.000
mp[426 sid=4051984249 rid=0 epoch=1 host=0 p=1 via=udp-relay] mp world-state recv: tick=850 kinds=1 movable=3
mp[427 sid=4051984249 rid=0 epoch=1 host=0 p=1 via=udp-relay] mp world-state apply kinds: changed=0
mp[428 sid=4051984249 rid=0 epoch=1 host=0 p=1 via=udp-relay] mp world-state applied: world=9507288435417546482 kind=13321148928187359753 state=3962272664704502266 movable=15021821541671933107
mp[429 sid=4051984249 rid=0 epoch=1 host=0 p=1 via=udp-relay] mp actor mismatch: tick=887 local=6657614198679363270 remote=7998368294534459847
mp[430 sid=4051984249 rid=0 epoch=1 host=0 p=1 via=udp-relay] mp desync: tick=887 rand local=2145189970 remote=2145189970 flags(pos=0 rand=0 actor=1 world=0) action=actor-resync p0(8.21,8.28)->(8.21,8.28) p1(10.50,8.50)->(10.50,8.50)
mp[431 sid=4051984249 rid=0 epoch=1 host=0 p=1 via=udp-relay] mp resync recv: state tick=900 local tick=899 delta=0 actors=2
mp[432 sid=4051984249 rid=0 epoch=1 host=0 p=1 via=udp-relay] mp resync applied: actors=2 (obj_id=0 group=2) max_pos_delta=0.030
mp[433 sid=4051984249 rid=0 epoch=1 host=0 p=1 via=udp-relay] mp world-state recv: tick=900 kinds=1 movable=3
mp[434 sid=4051984249 rid=0 epoch=1 host=0 p=1 via=udp-relay] mp world-state apply kinds: changed=0
mp[435 sid=4051984249 rid=0 epoch=1 host=0 p=1 via=udp-relay] mp world-state applied: world=9507288435417546482 kind=13321148928187359753 state=3962272664704502266 movable=15021821541671933107
mp[436 sid=4051984249 rid=0 epoch=1 host=0 p=1 via=udp-relay] mp actor mismatch: tick=937 local=9141164317553956747 remote=16031948498877764393
mp[437 sid=4051984249 rid=0 epoch=1 host=0 p=1 via=udp-relay] mp desync: tick=937 rand local=2145189970 remote=2145189970 flags(pos=0 rand=0 actor=1 world=0) action=actor-resync p0(8.21,8.28)->(8.21,8.28) p1(9.41,8.85)->(9.44,8.82)
mp[438 sid=4051984249 rid=0 epoch=1 host=0 p=1 via=udp-relay] mp resync recv: state tick=950 local tick=949 delta=0 actors=2
mp[439 sid=4051984249 rid=0 epoch=1 host=0 p=1 via=udp-relay] mp resync applied: actors=2 (obj_id=0 group=2) max_pos_delta=0.140
mp[440 sid=4051984249 rid=0 epoch=1 host=0 p=1 via=udp-relay] mp world-state recv: tick=950 kinds=1 movable=3
mp[441 sid=4051984249 rid=0 epoch=1 host=0 p=1 via=udp-relay] mp world-state apply kinds: changed=0
mp[442 sid=4051984249 rid=0 epoch=1 host=0 p=1 via=udp-relay] mp world-state applied: world=9507288435417546482 kind=13321148928187359753 state=3962272664704502266 movable=15021821541671933107
mp[443 sid=4051984249 rid=0 epoch=1 host=0 p=1 via=udp-relay] mp actor mismatch: tick=987 local=3105120635280886808 remote=16271332994627830068
mp[444 sid=4051984249 rid=0 epoch=1 host=0 p=1 via=udp-relay] mp desync: tick=987 rand local=2145189970 remote=2145189970 flags(pos=1 rand=0 actor=1 world=0) action=soft-resync p0(8.21,8.28)->(8.21,8.28) p1(8.98,3.15)->(9.00,3.28)
mp[445 sid=4051984249 rid=0 epoch=1 host=0 p=1 via=udp-relay] mp resync recv: state tick=1000 local tick=999 delta=0 actors=2
mp[446 sid=4051984249 rid=0 epoch=1 host=0 p=1 via=udp-relay] mp resync applied: actors=2 (obj_id=0 group=2) max_pos_delta=0.201
mp[447 sid=4051984249 rid=0 epoch=1 host=0 p=1 via=udp-relay] mp world-state recv: tick=1000 kinds=1 movable=3
mp[448 sid=4051984249 rid=0 epoch=1 host=0 p=1 via=udp-relay] mp world-state apply kinds: changed=0
mp[449 sid=4051984249 rid=0 epoch=1 host=0 p=1 via=udp-relay] mp world-state applied: world=9507288435417546482 kind=13321148928187359753 state=3962272664704502266 movable=15021821541671933107
mp[450 sid=4051984249 rid=0 epoch=1 host=0 p=1 via=udp-relay] mp actor mismatch: tick=1036 local=2682564994159110049 remote=9860319405249052260
mp[451 sid=4051984249 rid=0 epoch=1 host=0 p=1 via=udp-relay] mp desync: tick=1036 rand local=2145189970 remote=2145189970 flags(pos=0 rand=0 actor=1 world=0) action=actor-resync p0(8.21,8.28)->(8.21,8.28) p1(11.97,3.01)->(11.97,2.99)
mp[452 sid=4051984249 rid=0 epoch=1 host=0 p=1 via=udp-relay] mp resync recv: state tick=1050 local tick=1049 delta=0 actors=2
mp[453 sid=4051984249 rid=0 epoch=1 host=0 p=1 via=udp-relay] mp resync applied: actors=2 (obj_id=0 group=2) max_pos_delta=0.055
mp[454 sid=4051984249 rid=0 epoch=1 host=0 p=1 via=udp-relay] mp world-state recv: tick=1050 kinds=1 movable=3
mp[455 sid=4051984249 rid=0 epoch=1 host=0 p=1 via=udp-relay] mp world-state apply kinds: changed=0
mp[456 sid=4051984249 rid=0 epoch=1 host=0 p=1 via=udp-relay] mp world-state applied: world=9507288435417546482 kind=13321148928187359753 state=3962272664704502266 movable=15021821541671933107
mp[457 sid=4051984249 rid=0 epoch=1 host=0 p=1 via=udp-relay] mp actor mismatch: tick=1087 local=10491444743217642001 remote=5758131230493727120
mp[458 sid=4051984249 rid=0 epoch=1 host=0 p=1 via=udp-relay] mp desync: tick=1087 rand local=2145189970 remote=2145189970 flags(pos=0 rand=0 actor=1 world=0) action=actor-resync p0(8.21,8.28)->(8.21,8.28) p1(10.90,3.11)->(10.90,3.11)
mp[459 sid=4051984249 rid=0 epoch=1 host=0 p=1 via=udp-relay] mp resync recv: state tick=1100 local tick=1099 delta=0 actors=2
mp[460 sid=4051984249 rid=0 epoch=1 host=0 p=1 via=udp-relay] mp resync applied: actors=2 (obj_id=0 group=2) max_pos_delta=0.000
mp[461 sid=4051984249 rid=0 epoch=1 host=0 p=1 via=udp-relay] mp world-state recv: tick=1100 kinds=1 movable=3
mp[462 sid=4051984249 rid=0 epoch=1 host=0 p=1 via=udp-relay] mp world-state apply kinds: changed=0
mp[463 sid=4051984249 rid=0 epoch=1 host=0 p=1 via=udp-relay] mp world-state applied: world=9507288435417546482 kind=13321148928187359753 state=3962272664704502266 movable=15021821541671933107
mp[464 sid=4051984249 rid=0 epoch=1 host=0 p=1 via=udp-relay] mp actor mismatch: tick=1136 local=1738642670236978394 remote=15160649926201966811
mp[465 sid=4051984249 rid=0 epoch=1 host=0 p=1 via=udp-relay] mp desync (late): tick=1136 rand local=2145189970 remote=2145189970 flags(pos=0 rand=0 actor=1 world=0) action=actor-resync p0(8.21,8.28)->(8.21,8.28) p1(10.88,3.11)->(10.88,3.11)
mp[466 sid=4051984249 rid=0 epoch=1 host=0 p=1 via=udp-relay] mp telemetry: sync_current=26 sync_sample=1 mismatch(pos=3 rand=0 actor=27 world=0) classified(diag_only=24 rng_only=0 soft_candidate=3) rng_fixed=0 resync(req=0 resp=22 applied=22 timeout=0 giveup=0)
mp[467 sid=0 rid=0 epoch=0 host=0 p=0 via=none] mp lobby: not starting (direct connect disabled)
mp[468 sid=0 rid=0 epoch=0 host=0 p=0 via=none] mp debug enabled
mp[469 sid=4051984249 rid=0 epoch=0 host=0 p=1 via=none] mp input delay=4 (legacy=4) transport=none tick_ms=10
mp[470 sid=4051984249 rid=0 epoch=0 host=0 p=1 via=none] mp client: join begin session=4051984249 port=12345 hosts=62.216.210.134
mp[471 sid=4051984249 rid=0 epoch=0 host=0 p=1 via=none] mp client: direct connect disabled
mp[472 sid=4051984249 rid=0 epoch=0 host=0 p=1 via=none] mp client: relay server=91.99.142.190:12348
mp[473 sid=4051984249 rid=0 epoch=0 host=0 p=1 via=none] mp client: bind 192.168.0.115 for connect to 91.99.142.190:12348
mp[474 sid=4051984249 rid=0 epoch=0 host=0 p=1 via=none] mp client: enet socket local=192.168.0.115:57304
mp[475 sid=4051984249 rid=0 epoch=0 host=0 p=1 via=none] mp client: connected target=91.99.142.190:12348 remote=91.99.142.190:12348 relay=1
mp[476 sid=4051984249 rid=0 epoch=0 host=0 p=1 via=none] mp telemetry: sync_current=0 sync_sample=0 mismatch(pos=0 rand=0 actor=0 world=0) classified(diag_only=0 rng_only=0 soft_candidate=0) rng_fixed=0 resync(req=0 resp=0 applied=0 timeout=0 giveup=0)
