mp[1 sid=0 rid=0 epoch=0 host=0 p=0 via=none] mp debug enabled
mp[2 sid=2603183644 rid=0 epoch=0 host=1 p=0 via=none] mp input delay=4 (legacy=4) transport=none tick_ms=10
mp[3 sid=2603183644 rid=0 epoch=0 host=1 p=0 via=none] mp host: direct listener port=12345
mp[4 sid=2603183644 rid=0 epoch=0 host=1 p=0 via=none] mp host: direct listener local=0.0.0.0:12345
mp[5 sid=2603183644 rid=0 epoch=0 host=1 p=0 via=none] mp host: relay server=91.99.142.190:12348
mp[6 sid=2603183644 rid=0 epoch=0 host=1 p=0 via=none] mp host: connected to relay 91.99.142.190:12348
mp[7 sid=2603183644 rid=0 epoch=0 host=1 p=0 via=none] mp host: tcp relay server=91.99.142.190:12349
mp[8 sid=2603183644 rid=0 epoch=0 host=1 p=0 via=none] mp host: connected to tcp relay 91.99.142.190:12349
mp[9 sid=2603183644 rid=0 epoch=0 host=1 p=0 via=none] mp should defer start: 1
mp[10 sid=2603183644 rid=0 epoch=0 host=1 p=0 via=none] mp host: relay client -> player 1
mp[11 sid=2603183644 rid=0 epoch=0 host=1 p=0 via=none] mp send input bundle: first tick=0 player=0 count=32
mp[12 sid=2603183644 rid=0 epoch=0 host=1 p=0 via=none] mp recv input bundle: first tick=0 player=1 count=6
mp[13 sid=2603183644 rid=0 epoch=0 host=1 p=0 via=none] mp recv input bundle: first tick=0 player=1 count=9
mp[14 sid=2603183644 rid=0 epoch=0 host=1 p=0 via=none] mp recv input bundle: first tick=0 player=1 count=7
mp[15 sid=2603183644 rid=0 epoch=0 host=1 p=0 via=none] mp recv input bundle: first tick=0 player=1 count=5
mp[16 sid=2603183644 rid=0 epoch=0 host=1 p=0 via=none] mp host: ready player=1 source=udp-relay
mp[17 sid=2603183644 rid=0 epoch=0 host=1 p=0 via=none] mp host: peer ready
mp[18 sid=2603183644 rid=0 epoch=0 host=1 p=0 via=none] mp recv input bundle: first tick=0 player=1 count=8
mp[19 sid=2603183644 rid=0 epoch=0 host=1 p=0 via=none] mp recv input bundle: first tick=0 player=1 count=12
mp[20 sid=2603183644 rid=0 epoch=0 host=1 p=0 via=none] mp should defer start: 0
mp[21 sid=2603183644 rid=0 epoch=0 host=1 p=0 via=none] mp input delay=4 (legacy=4) transport=none tick_ms=10
mp[22 sid=2603183644 rid=0 epoch=0 host=1 p=0 via=none] mp extra actors: level_players=1 expected=2 actors=1
mp[23 sid=2603183644 rid=0 epoch=0 host=1 p=0 via=none] mp extra actors: assigned=1 spawned=1 needs_placement=1
mp[24 sid=2603183644 rid=0 epoch=0 host=1 p=0 via=none] mp should defer start: 1
mp[25 sid=2603183644 rid=0 epoch=0 host=1 p=0 via=none] mp notify start requested (host=1 local=0 expected=2)
mp[26 sid=2603183644 rid=0 epoch=0 host=1 p=0 via=none] mp rebalance: base=0 candidates=2 group=2
mp[27 sid=2603183644 rid=0 epoch=0 host=1 p=0 via=none] mp actor(post-place): kind=ac_marble_black pos=(10.00,9.50) ctrl=1 owner=0 color=0
mp[28 sid=2603183644 rid=0 epoch=0 host=1 p=0 via=none] mp actor(post-place): kind=ac_marble_black pos=(10.50,8.50) ctrl=2 owner=1 color=0
mp[29 sid=2603183644 rid=0 epoch=0 host=1 p=0 via=none] mp recv input bundle: first tick=0 player=1 count=10
mp[30 sid=2603183644 rid=0 epoch=0 host=1 p=0 via=none] mp recv input bundle: first tick=0 player=1 count=13
mp[31 sid=2603183644 rid=0 epoch=0 host=1 p=0 via=none] mp recv input bundle: first tick=0 player=1 count=5
mp[32 sid=2603183644 rid=0 epoch=0 host=1 p=0 via=none] mp recv input bundle: first tick=0 player=1 count=11
mp[33 sid=2603183644 rid=0 epoch=0 host=1 p=0 via=none] mp recv input bundle: first tick=0 player=1 count=7
mp[34 sid=2603183644 rid=0 epoch=0 host=1 p=0 via=none] mp recv input bundle: first tick=0 player=1 count=11
mp[35 sid=2603183644 rid=0 epoch=0 host=1 p=0 via=none] mp send input bundle: first tick=0 player=0 count=5
mp[36 sid=2603183644 rid=0 epoch=0 host=1 p=0 via=none] mp recv input bundle: first tick=0 player=1 count=6
mp[37 sid=2603183644 rid=0 epoch=0 host=1 p=0 via=none] mp recv input bundle: first tick=0 player=1 count=13
mp[38 sid=2603183644 rid=0 epoch=0 host=1 p=0 via=none] mp send input bundle: first tick=0 player=0 count=6
mp[39 sid=2603183644 rid=0 epoch=0 host=1 p=0 via=none] mp recv input bundle: first tick=0 player=1 count=9
mp[40 sid=2603183644 rid=0 epoch=0 host=1 p=0 via=none] mp host: world-state request recv: tick=0
mp[41 sid=2603183644 rid=0 epoch=0 host=1 p=0 via=none] mp recv input bundle: first tick=0 player=1 count=8
mp[42 sid=2603183644 rid=0 epoch=0 host=1 p=0 via=none] mp send input bundle: first tick=0 player=0 count=7
mp[43 sid=2603183644 rid=0 epoch=0 host=1 p=0 via=none] mp send input bundle: first tick=0 player=0 count=8
mp[44 sid=2603183644 rid=0 epoch=0 host=1 p=0 via=none] mp send input bundle: first tick=0 player=0 count=9
mp[45 sid=2603183644 rid=0 epoch=0 host=1 p=0 via=none] mp recv input bundle: first tick=0 player=1 count=13
mp[46 sid=2603183644 rid=0 epoch=0 host=1 p=0 via=none] mp send input bundle: first tick=0 player=0 count=10
mp[47 sid=2603183644 rid=0 epoch=0 host=1 p=0 via=none] mp recv input bundle: first tick=0 player=1 count=10
mp[48 sid=2603183644 rid=0 epoch=0 host=1 p=0 via=none] mp send input bundle: first tick=0 player=0 count=11
mp[49 sid=2603183644 rid=0 epoch=0 host=1 p=0 via=none] mp send input bundle: first tick=0 player=0 count=12
mp[50 sid=2603183644 rid=0 epoch=0 host=1 p=0 via=none] mp send input bundle: first tick=0 player=0 count=13
mp[51 sid=2603183644 rid=0 epoch=0 host=1 p=0 via=none] mp send input bundle: first tick=1 player=0 count=13
mp[52 sid=2603183644 rid=0 epoch=0 host=1 p=0 via=none] mp recv input bundle: first tick=0 player=1 count=12
mp[53 sid=2603183644 rid=0 epoch=0 host=1 p=0 via=none] mp send input bundle: first tick=2 player=0 count=13
mp[54 sid=2603183644 rid=0 epoch=0 host=1 p=0 via=none] mp recv input bundle: first tick=0 player=1 count=15
mp[55 sid=2603183644 rid=0 epoch=0 host=1 p=0 via=none] mp recv input bundle: first tick=0 player=1 count=19
mp[56 sid=2603183644 rid=0 epoch=0 host=1 p=0 via=none] mp recv input bundle: first tick=0 player=1 count=16
mp[57 sid=2603183644 rid=0 epoch=0 host=1 p=0 via=none] mp recv input bundle: first tick=0 player=1 count=22
mp[58 sid=2603183644 rid=0 epoch=0 host=1 p=0 via=none] mp send input bundle: first tick=3 player=0 count=13
mp[59 sid=2603183644 rid=0 epoch=0 host=1 p=0 via=none] mp recv input bundle: first tick=0 player=1 count=23
mp[60 sid=2603183644 rid=0 epoch=0 host=1 p=0 via=none] mp send input bundle: first tick=4 player=0 count=13
mp[61 sid=2603183644 rid=0 epoch=0 host=1 p=0 via=none] mp recv input bundle: first tick=0 player=1 count=21
mp[62 sid=2603183644 rid=0 epoch=0 host=1 p=0 via=none] mp recv input bundle: first tick=0 player=1 count=18
mp[63 sid=2603183644 rid=0 epoch=0 host=1 p=0 via=none] mp recv input bundle: first tick=0 player=1 count=14
mp[64 sid=2603183644 rid=0 epoch=0 host=1 p=0 via=none] mp send input bundle: first tick=5 player=0 count=13
mp[65 sid=2603183644 rid=0 epoch=0 host=1 p=0 via=none] mp send input bundle: first tick=6 player=0 count=13
mp[66 sid=2603183644 rid=0 epoch=0 host=1 p=0 via=none] mp send input bundle: first tick=7 player=0 count=13
mp[67 sid=2603183644 rid=0 epoch=0 host=1 p=0 via=none] mp recv input bundle: first tick=0 player=1 count=20
mp[68 sid=2603183644 rid=0 epoch=0 host=1 p=0 via=none] mp recv input bundle: first tick=1 player=1 count=25
mp[69 sid=2603183644 rid=0 epoch=0 host=1 p=0 via=none] mp send input bundle: first tick=8 player=0 count=13
mp[70 sid=2603183644 rid=0 epoch=0 host=1 p=0 via=none] mp recv input bundle: first tick=3 player=1 count=25
mp[71 sid=2603183644 rid=0 epoch=0 host=1 p=0 via=none] mp send input bundle: first tick=9 player=0 count=13
mp[72 sid=2603183644 rid=0 epoch=0 host=1 p=0 via=none] mp send input bundle: first tick=10 player=0 count=13
mp[73 sid=2603183644 rid=0 epoch=0 host=1 p=0 via=none] mp recv input bundle: first tick=4 player=1 count=25
mp[74 sid=2603183644 rid=0 epoch=0 host=1 p=0 via=none] mp send input bundle: first tick=11 player=0 count=13
mp[75 sid=2603183644 rid=0 epoch=0 host=1 p=0 via=none] mp recv input bundle: first tick=4 player=1 count=25
mp[76 sid=2603183644 rid=0 epoch=0 host=1 p=0 via=none] mp recv input bundle: first tick=5 player=1 count=25
mp[77 sid=2603183644 rid=0 epoch=0 host=1 p=0 via=none] mp send input bundle: first tick=12 player=0 count=13
mp[78 sid=2603183644 rid=0 epoch=0 host=1 p=0 via=none] mp recv input bundle: first tick=0 player=1 count=25
mp[79 sid=2603183644 rid=0 epoch=0 host=1 p=0 via=none] mp send input bundle: first tick=13 player=0 count=13
mp[80 sid=2603183644 rid=0 epoch=0 host=1 p=0 via=none] mp send input bundle: first tick=14 player=0 count=13
mp[81 sid=2603183644 rid=0 epoch=0 host=1 p=0 via=none] mp send input bundle: first tick=15 player=0 count=13
mp[82 sid=2603183644 rid=0 epoch=0 host=1 p=0 via=none] mp recv input bundle: first tick=2 player=1 count=25
mp[83 sid=2603183644 rid=0 epoch=0 host=1 p=0 via=none] mp send input bundle: first tick=16 player=0 count=13
mp[84 sid=2603183644 rid=0 epoch=0 host=1 p=0 via=none] mp recv input bundle: first tick=7 player=1 count=25
mp[85 sid=2603183644 rid=0 epoch=0 host=1 p=0 via=none] mp recv input bundle: first tick=6 player=1 count=25
mp[86 sid=2603183644 rid=0 epoch=0 host=1 p=0 via=none] mp send input bundle: first tick=17 player=0 count=13
mp[87 sid=2603183644 rid=0 epoch=0 host=1 p=0 via=none] mp recv input bundle: first tick=8 player=1 count=25
mp[88 sid=2603183644 rid=0 epoch=0 host=1 p=0 via=none] mp send input bundle: first tick=18 player=0 count=13
mp[89 sid=2603183644 rid=0 epoch=0 host=1 p=0 via=none] mp recv input bundle: first tick=9 player=1 count=25
mp[90 sid=2603183644 rid=0 epoch=0 host=1 p=0 via=none] mp send input bundle: first tick=19 player=0 count=13
mp[91 sid=2603183644 rid=0 epoch=0 host=1 p=0 via=none] mp recv input bundle: first tick=11 player=1 count=25
mp[92 sid=2603183644 rid=0 epoch=0 host=1 p=0 via=none] mp recv input bundle: first tick=13 player=1 count=24
mp[93 sid=2603183644 rid=0 epoch=0 host=1 p=0 via=none] mp recv input bundle: first tick=13 player=1 count=24
mp[94 sid=2603183644 rid=0 epoch=0 host=1 p=0 via=none] mp recv input bundle: first tick=13 player=1 count=24
mp[95 sid=2603183644 rid=0 epoch=0 host=1 p=0 via=none] mp recv input bundle: first tick=12 player=1 count=25
mp[96 sid=2603183644 rid=0 epoch=0 host=1 p=0 via=none] mp recv input bundle: first tick=10 player=1 count=25
mp[97 sid=2603183644 rid=0 epoch=0 host=1 p=0 via=none] mp recv input bundle: first tick=13 player=1 count=24
mp[98 sid=2603183644 rid=0 epoch=0 host=1 p=0 via=none] mp recv input bundle: first tick=13 player=1 count=24
mp[99 sid=2603183644 rid=0 epoch=0 host=1 p=0 via=none] mp recv input bundle: first tick=13 player=1 count=24
mp[100 sid=2603183644 rid=0 epoch=0 host=1 p=0 via=none] mp recv input bundle: first tick=13 player=1 count=24
mp[101 sid=2603183644 rid=0 epoch=0 host=1 p=0 via=none] mp recv input bundle: first tick=13 player=1 count=24
mp[102 sid=2603183644 rid=0 epoch=0 host=1 p=0 via=none] mp recv input bundle: first tick=13 player=1 count=24
mp[103 sid=2603183644 rid=0 epoch=0 host=1 p=0 via=none] mp recv input bundle: first tick=13 player=1 count=24
mp[104 sid=2603183644 rid=0 epoch=0 host=1 p=0 via=none] mp recv input bundle: first tick=13 player=1 count=24
mp[105 sid=2603183644 rid=0 epoch=0 host=1 p=0 via=none] mp recv input bundle: first tick=13 player=1 count=24
mp[106 sid=2603183644 rid=0 epoch=0 host=1 p=0 via=none] mp recv input bundle: first tick=13 player=1 count=24
mp[107 sid=2603183644 rid=0 epoch=0 host=1 p=0 via=none] mp host: ready player=1 source=udp-relay
mp[108 sid=2603183644 rid=0 epoch=0 host=1 p=0 via=none] mp host: peer ready
mp[109 sid=2603183644 rid=0 epoch=0 host=1 p=0 via=none] mp recv input bundle: first tick=13 player=1 count=24
mp[110 sid=2603183644 rid=0 epoch=0 host=1 p=0 via=none] mp recv input bundle: first tick=13 player=1 count=24
mp[111 sid=2603183644 rid=0 epoch=0 host=1 p=0 via=none] mp host: start allowed
mp[112 sid=2603183644 rid=0 epoch=1 host=1 p=0 via=none] mp input delay=4 (legacy=4) transport=none tick_ms=10
mp[113 sid=2603183644 rid=0 epoch=1 host=1 p=0 via=none] mp should defer start: 0
mp[114 sid=2603183644 rid=0 epoch=1 host=1 p=0 via=none] mp send input bundle: first tick=0 player=0 count=5
mp[115 sid=2603183644 rid=0 epoch=1 host=1 p=0 via=none] mp drop input bundle: first tick=13 epoch=0 local epoch=1
mp[116 sid=2603183644 rid=0 epoch=1 host=1 p=0 via=none] mp send input bundle: first tick=1 player=0 count=5
mp[117 sid=2603183644 rid=0 epoch=1 host=1 p=0 via=none] mp drop input bundle: first tick=13 epoch=0 local epoch=1
mp[118 sid=2603183644 rid=0 epoch=1 host=1 p=0 via=none] mp drop input bundle: first tick=13 epoch=0 local epoch=1
mp[119 sid=2603183644 rid=0 epoch=1 host=1 p=0 via=none] mp send input bundle: first tick=2 player=0 count=5
mp[120 sid=2603183644 rid=0 epoch=1 host=1 p=0 via=none] mp drop input bundle: first tick=13 epoch=0 local epoch=1
mp[121 sid=2603183644 rid=0 epoch=1 host=1 p=0 via=none] mp drop input bundle: first tick=13 epoch=0 local epoch=1
mp[122 sid=2603183644 rid=0 epoch=1 host=1 p=0 via=none] mp send input bundle: first tick=3 player=0 count=5
mp[123 sid=2603183644 rid=0 epoch=1 host=1 p=0 via=none] mp missing input: tick=4 player=1
mp[124 sid=2603183644 rid=0 epoch=1 host=1 p=0 via=none] mp send input bundle: first tick=4 player=0 count=5
mp[125 sid=2603183644 rid=0 epoch=1 host=1 p=0 via=none] mp drop input bundle: first tick=13 epoch=0 local epoch=1
mp[126 sid=2603183644 rid=0 epoch=1 host=1 p=0 via=none] mp send input bundle: first tick=4 player=0 count=6
mp[127 sid=2603183644 rid=0 epoch=1 host=1 p=0 via=none] mp drop input bundle: first tick=13 epoch=0 local epoch=1
mp[128 sid=2603183644 rid=0 epoch=1 host=1 p=0 via=none] mp drop input bundle: first tick=13 epoch=0 local epoch=1
mp[129 sid=2603183644 rid=0 epoch=1 host=1 p=0 via=none] mp send input bundle: first tick=4 player=0 count=7
mp[130 sid=2603183644 rid=0 epoch=1 host=1 p=0 via=none] mp send input bundle: first tick=4 player=0 count=8
mp[131 sid=2603183644 rid=0 epoch=1 host=1 p=0 via=none] mp drop input bundle: first tick=13 epoch=0 local epoch=1
mp[132 sid=2603183644 rid=0 epoch=1 host=1 p=0 via=none] mp send input bundle: first tick=4 player=0 count=9
mp[133 sid=2603183644 rid=0 epoch=1 host=1 p=0 via=none] mp send input bundle: first tick=4 player=0 count=10
mp[134 sid=2603183644 rid=0 epoch=1 host=1 p=0 via=none] mp send input bundle: first tick=4 player=0 count=11
mp[135 sid=2603183644 rid=0 epoch=1 host=1 p=0 via=none] mp drop input bundle: first tick=13 epoch=0 local epoch=1
mp[136 sid=2603183644 rid=0 epoch=1 host=1 p=0 via=none] mp drop input bundle: first tick=13 epoch=0 local epoch=1
mp[137 sid=2603183644 rid=0 epoch=1 host=1 p=0 via=none] mp send input bundle: first tick=4 player=0 count=12
mp[138 sid=2603183644 rid=0 epoch=1 host=1 p=0 via=none] mp send input bundle: first tick=4 player=0 count=13
mp[139 sid=2603183644 rid=0 epoch=1 host=1 p=0 via=none] mp drop input bundle: first tick=13 epoch=0 local epoch=1
mp[140 sid=2603183644 rid=0 epoch=1 host=1 p=0 via=none] mp send input bundle: first tick=5 player=0 count=13
mp[141 sid=2603183644 rid=0 epoch=1 host=1 p=0 via=none] mp drop input bundle: first tick=13 epoch=0 local epoch=1
mp[142 sid=2603183644 rid=0 epoch=1 host=1 p=0 via=none] mp send input bundle: first tick=6 player=0 count=13
mp[143 sid=2603183644 rid=0 epoch=1 host=1 p=0 via=none] mp drop input bundle: first tick=13 epoch=0 local epoch=1
mp[144 sid=2603183644 rid=0 epoch=1 host=1 p=0 via=none] mp send input bundle: first tick=7 player=0 count=13
mp[145 sid=2603183644 rid=0 epoch=1 host=1 p=0 via=none] mp drop input bundle: first tick=13 epoch=0 local epoch=1
mp[146 sid=2603183644 rid=0 epoch=1 host=1 p=0 via=none] mp send input bundle: first tick=8 player=0 count=13
mp[147 sid=2603183644 rid=0 epoch=1 host=1 p=0 via=none] mp drop input bundle: first tick=13 epoch=0 local epoch=1
mp[148 sid=2603183644 rid=0 epoch=1 host=1 p=0 via=none] mp send input bundle: first tick=9 player=0 count=13
mp[149 sid=2603183644 rid=0 epoch=1 host=1 p=0 via=none] mp drop input bundle: first tick=13 epoch=0 local epoch=1
mp[150 sid=2603183644 rid=0 epoch=1 host=1 p=0 via=none] mp send input bundle: first tick=10 player=0 count=13
mp[151 sid=2603183644 rid=0 epoch=1 host=1 p=0 via=none] mp send input bundle: first tick=11 player=0 count=13
mp[152 sid=2603183644 rid=0 epoch=1 host=1 p=0 via=none] mp send input bundle: first tick=12 player=0 count=13
mp[153 sid=2603183644 rid=0 epoch=1 host=1 p=0 via=none] mp drop input bundle: first tick=13 epoch=0 local epoch=1
mp[154 sid=2603183644 rid=0 epoch=1 host=1 p=0 via=none] mp send input bundle: first tick=13 player=0 count=13
mp[155 sid=2603183644 rid=0 epoch=1 host=1 p=0 via=none] mp drop input bundle: first tick=13 epoch=0 local epoch=1
mp[156 sid=2603183644 rid=0 epoch=1 host=1 p=0 via=none] mp send input bundle: first tick=14 player=0 count=13
mp[157 sid=2603183644 rid=0 epoch=1 host=1 p=0 via=none] mp drop input bundle: first tick=13 epoch=0 local epoch=1
mp[158 sid=2603183644 rid=0 epoch=1 host=1 p=0 via=none] mp send input bundle: first tick=15 player=0 count=13
mp[159 sid=2603183644 rid=0 epoch=1 host=1 p=0 via=none] mp send input bundle: first tick=16 player=0 count=13
mp[160 sid=2603183644 rid=0 epoch=1 host=1 p=0 via=none] mp drop input bundle: first tick=13 epoch=0 local epoch=1
mp[161 sid=2603183644 rid=0 epoch=1 host=1 p=0 via=none] mp send input bundle: first tick=17 player=0 count=13
mp[162 sid=2603183644 rid=0 epoch=1 host=1 p=0 via=none] mp drop input bundle: first tick=13 epoch=0 local epoch=1
mp[163 sid=2603183644 rid=0 epoch=1 host=1 p=0 via=none] mp send input bundle: first tick=18 player=0 count=13
mp[164 sid=2603183644 rid=0 epoch=1 host=1 p=0 via=none] mp drop input bundle: first tick=13 epoch=0 local epoch=1
mp[165 sid=2603183644 rid=0 epoch=1 host=1 p=0 via=none] mp drop input bundle: first tick=13 epoch=0 local epoch=1
mp[166 sid=2603183644 rid=0 epoch=1 host=1 p=0 via=none] mp drop input bundle: first tick=13 epoch=0 local epoch=1
mp[167 sid=2603183644 rid=0 epoch=1 host=1 p=0 via=none] mp send input bundle: first tick=19 player=0 count=13
mp[168 sid=2603183644 rid=0 epoch=1 host=1 p=0 via=none] mp drop input bundle: first tick=13 epoch=0 local epoch=1
mp[169 sid=2603183644 rid=0 epoch=1 host=1 p=0 via=none] mp drop input bundle: first tick=13 epoch=0 local epoch=1
mp[170 sid=2603183644 rid=0 epoch=1 host=1 p=0 via=none] mp drop input bundle: first tick=13 epoch=0 local epoch=1
mp[171 sid=2603183644 rid=0 epoch=1 host=1 p=0 via=none] mp drop input bundle: first tick=13 epoch=0 local epoch=1
mp[172 sid=2603183644 rid=0 epoch=1 host=1 p=0 via=none] mp drop input bundle: first tick=13 epoch=0 local epoch=1
mp[173 sid=2603183644 rid=0 epoch=1 host=1 p=0 via=none] mp drop input bundle: first tick=13 epoch=0 local epoch=1
mp[174 sid=2603183644 rid=0 epoch=1 host=1 p=0 via=none] mp drop input bundle: first tick=13 epoch=0 local epoch=1
mp[175 sid=2603183644 rid=0 epoch=1 host=1 p=0 via=none] mp drop input bundle: first tick=13 epoch=0 local epoch=1
mp[176 sid=2603183644 rid=0 epoch=1 host=1 p=0 via=none] mp drop input bundle: first tick=13 epoch=0 local epoch=1
mp[177 sid=2603183644 rid=0 epoch=1 host=1 p=0 via=none] mp recv input bundle: first tick=0 player=1 count=5
mp[178 sid=2603183644 rid=0 epoch=1 host=1 p=0 via=none] mp recv input bundle: first tick=5 player=1 count=5
mp[179 sid=2603183644 rid=0 epoch=1 host=1 p=0 via=none] mp recv input bundle: first tick=4 player=1 count=5
mp[180 sid=2603183644 rid=0 epoch=1 host=1 p=0 via=none] mp recv input bundle: first tick=1 player=1 count=5
mp[181 sid=2603183644 rid=0 epoch=1 host=1 p=0 via=none] mp drop input bundle: first tick=13 epoch=0 local epoch=1
mp[182 sid=2603183644 rid=0 epoch=1 host=1 p=0 via=none] mp recv input bundle: first tick=2 player=1 count=5
mp[183 sid=2603183644 rid=0 epoch=1 host=1 p=0 via=none] mp missing input: tick=10 player=1
mp[184 sid=2603183644 rid=0 epoch=1 host=1 p=0 via=none] mp recv input bundle: first tick=6 player=1 count=5
mp[185 sid=2603183644 rid=0 epoch=1 host=1 p=0 via=none] mp recv input bundle: first tick=9 player=1 count=5
mp[186 sid=2603183644 rid=0 epoch=1 host=1 p=0 via=none] mp recv input bundle: first tick=8 player=1 count=5
mp[187 sid=2603183644 rid=0 epoch=1 host=1 p=0 via=none] mp recv input bundle: first tick=12 player=1 count=5
mp[188 sid=2603183644 rid=0 epoch=1 host=1 p=0 via=none] mp recv input bundle: first tick=3 player=1 count=5
mp[189 sid=2603183644 rid=0 epoch=1 host=1 p=0 via=none] mp recv input bundle: first tick=11 player=1 count=5
mp[190 sid=2603183644 rid=0 epoch=1 host=1 p=0 via=none] mp missing input: tick=17 player=1
mp[191 sid=2603183644 rid=0 epoch=1 host=1 p=0 via=none] mp recv input bundle: first tick=10 player=1 count=5
mp[192 sid=2603183644 rid=0 epoch=1 host=1 p=0 via=none] mp recv input bundle: first tick=7 player=1 count=5
mp[193 sid=2603183644 rid=0 epoch=1 host=1 p=0 via=none] mp recv input bundle: first tick=16 player=1 count=5
mp[194 sid=2603183644 rid=0 epoch=1 host=1 p=0 via=none] mp recv input bundle: first tick=13 player=1 count=5
mp[195 sid=2603183644 rid=0 epoch=1 host=1 p=0 via=none] mp recv input bundle: first tick=15 player=1 count=5
mp[196 sid=2603183644 rid=0 epoch=1 host=1 p=0 via=none] mp recv input bundle: first tick=18 player=1 count=5
mp[197 sid=2603183644 rid=0 epoch=1 host=1 p=0 via=none] mp recv input bundle: first tick=19 player=1 count=5
mp[198 sid=2603183644 rid=0 epoch=1 host=1 p=0 via=none] mp recv input bundle: first tick=14 player=1 count=5
mp[199 sid=2603183644 rid=0 epoch=1 host=1 p=0 via=none] mp missing input: tick=82 player=1
mp[200 sid=2603183644 rid=0 epoch=1 host=1 p=0 via=none] mp missing input: tick=91 player=1
mp[201 sid=2603183644 rid=0 epoch=1 host=1 p=0 via=none] mp missing input: tick=93 player=1
mp[202 sid=2603183644 rid=0 epoch=1 host=1 p=0 via=none] mp telemetry: sync_current=0 sync_sample=0 mismatch(pos=0 rand=0 actor=0 world=0) classified(diag_only=0 rng_only=0 soft_candidate=0) rng_fixed=0 resync(req=0 resp=0 applied=0 timeout=0 giveup=0)
mp[203 sid=0 rid=0 epoch=0 host=0 p=0 via=none] mp lobby: not starting (direct connect disabled)
mp[204 sid=0 rid=0 epoch=0 host=0 p=0 via=none] mp debug enabled
mp[205 sid=2322277531 rid=0 epoch=0 host=1 p=0 via=none] mp input delay=1 (legacy=4) transport=none tick_ms=40
mp[206 sid=2322277531 rid=0 epoch=0 host=1 p=0 via=none] mp host: direct listener port=12345
mp[207 sid=2322277531 rid=0 epoch=0 host=1 p=0 via=none] mp host: direct listener local=0.0.0.0:12345
mp[208 sid=2322277531 rid=0 epoch=0 host=1 p=0 via=none] mp host: relay server=91.99.142.190:12348
mp[209 sid=2322277531 rid=0 epoch=0 host=1 p=0 via=none] mp host: connected to relay 91.99.142.190:12348
mp[210 sid=2322277531 rid=0 epoch=0 host=1 p=0 via=none] mp host: tcp relay server=91.99.142.190:12349
mp[211 sid=2322277531 rid=0 epoch=0 host=1 p=0 via=none] mp host: connected to tcp relay 91.99.142.190:12349
mp[212 sid=2322277531 rid=0 epoch=0 host=1 p=0 via=none] mp should defer start: 1
mp[213 sid=2322277531 rid=0 epoch=0 host=1 p=0 via=none] mp host: relay client -> player 1
mp[214 sid=2322277531 rid=0 epoch=0 host=1 p=0 via=none] mp send input bundle: first tick=0 player=0 count=18
mp[215 sid=2322277531 rid=0 epoch=0 host=1 p=0 via=none] mp send input bundle: first tick=6 player=0 count=12
mp[216 sid=2322277531 rid=0 epoch=0 host=1 p=0 via=none] mp send input bundle: first tick=6 player=0 count=13
mp[217 sid=2322277531 rid=0 epoch=0 host=1 p=0 via=none] mp send input bundle: first tick=7 player=0 count=12
mp[218 sid=2322277531 rid=0 epoch=0 host=1 p=0 via=none] mp send input bundle: first tick=7 player=0 count=12
mp[219 sid=2322277531 rid=0 epoch=0 host=1 p=0 via=none] mp send input bundle: first tick=7 player=0 count=12
mp[220 sid=2322277531 rid=0 epoch=0 host=1 p=0 via=none] mp send input bundle: first tick=7 player=0 count=13
mp[221 sid=2322277531 rid=0 epoch=0 host=1 p=0 via=none] mp send input bundle: first tick=8 player=0 count=12
mp[222 sid=2322277531 rid=0 epoch=0 host=1 p=0 via=none] mp send input bundle: first tick=8 player=0 count=12
mp[223 sid=2322277531 rid=0 epoch=0 host=1 p=0 via=none] mp send input bundle: first tick=8 player=0 count=12
mp[224 sid=2322277531 rid=0 epoch=0 host=1 p=0 via=none] mp send input bundle: first tick=8 player=0 count=13
mp[225 sid=2322277531 rid=0 epoch=0 host=1 p=0 via=none] mp send input bundle: first tick=9 player=0 count=12
mp[226 sid=2322277531 rid=0 epoch=0 host=1 p=0 via=none] mp send input bundle: first tick=9 player=0 count=12
mp[227 sid=2322277531 rid=0 epoch=0 host=1 p=0 via=none] mp send input bundle: first tick=9 player=0 count=12
mp[228 sid=2322277531 rid=0 epoch=0 host=1 p=0 via=none] mp send input bundle: first tick=9 player=0 count=13
mp[229 sid=2322277531 rid=0 epoch=0 host=1 p=0 via=none] mp send input bundle: first tick=10 player=0 count=12
mp[230 sid=2322277531 rid=0 epoch=0 host=1 p=0 via=none] mp send input bundle: first tick=10 player=0 count=12
mp[231 sid=2322277531 rid=0 epoch=0 host=1 p=0 via=none] mp send input bundle: first tick=10 player=0 count=12
mp[232 sid=2322277531 rid=0 epoch=0 host=1 p=0 via=none] mp send input bundle: first tick=10 player=0 count=13
mp[233 sid=2322277531 rid=0 epoch=0 host=1 p=0 via=none] mp send input bundle: first tick=11 player=0 count=12
mp[234 sid=2322277531 rid=0 epoch=0 host=1 p=0 via=none] mp send input bundle: first tick=11 player=0 count=12
mp[235 sid=2322277531 rid=0 epoch=0 host=1 p=0 via=none] mp send input bundle: first tick=11 player=0 count=12
mp[236 sid=2322277531 rid=0 epoch=0 host=1 p=0 via=none] mp recv input bundle: first tick=0 player=1 count=2
mp[237 sid=2322277531 rid=0 epoch=0 host=1 p=0 via=none] mp recv input bundle: first tick=0 player=1 count=2
mp[238 sid=2322277531 rid=0 epoch=0 host=1 p=0 via=none] mp send input bundle: first tick=11 player=0 count=13
mp[239 sid=2322277531 rid=0 epoch=0 host=1 p=0 via=none] mp recv input bundle: first tick=0 player=1 count=3
mp[240 sid=2322277531 rid=0 epoch=0 host=1 p=0 via=none] mp send input bundle: first tick=12 player=0 count=12
mp[241 sid=2322277531 rid=0 epoch=0 host=1 p=0 via=none] mp recv input bundle: first tick=0 player=1 count=2
mp[242 sid=2322277531 rid=0 epoch=0 host=1 p=0 via=none] mp recv input bundle: first tick=0 player=1 count=2
mp[243 sid=2322277531 rid=0 epoch=0 host=1 p=0 via=none] mp recv input bundle: first tick=0 player=1 count=3
mp[244 sid=2322277531 rid=0 epoch=0 host=1 p=0 via=none] mp send input bundle: first tick=12 player=0 count=12
mp[245 sid=2322277531 rid=0 epoch=0 host=1 p=0 via=none] mp send input bundle: first tick=12 player=0 count=12
mp[246 sid=2322277531 rid=0 epoch=0 host=1 p=0 via=none] mp recv input bundle: first tick=0 player=1 count=3
mp[247 sid=2322277531 rid=0 epoch=0 host=1 p=0 via=none] mp send input bundle: first tick=12 player=0 count=13
mp[248 sid=2322277531 rid=0 epoch=0 host=1 p=0 via=none] mp recv input bundle: first tick=0 player=1 count=4
mp[249 sid=2322277531 rid=0 epoch=0 host=1 p=0 via=none] mp send input bundle: first tick=13 player=0 count=12
mp[250 sid=2322277531 rid=0 epoch=0 host=1 p=0 via=none] mp recv input bundle: first tick=0 player=1 count=4
mp[251 sid=2322277531 rid=0 epoch=0 host=1 p=0 via=none] mp recv input bundle: first tick=0 player=1 count=3
mp[252 sid=2322277531 rid=0 epoch=0 host=1 p=0 via=none] mp send input bundle: first tick=13 player=0 count=12
mp[253 sid=2322277531 rid=0 epoch=0 host=1 p=0 via=none] mp recv input bundle: first tick=0 player=1 count=4
mp[254 sid=2322277531 rid=0 epoch=0 host=1 p=0 via=none] mp send input bundle: first tick=13 player=0 count=12
mp[255 sid=2322277531 rid=0 epoch=0 host=1 p=0 via=none] mp recv input bundle: first tick=0 player=1 count=4
mp[256 sid=2322277531 rid=0 epoch=0 host=1 p=0 via=none] mp send input bundle: first tick=13 player=0 count=13
mp[257 sid=2322277531 rid=0 epoch=0 host=1 p=0 via=none] mp send input bundle: first tick=14 player=0 count=12
mp[258 sid=2322277531 rid=0 epoch=0 host=1 p=0 via=none] mp recv input bundle: first tick=0 player=1 count=2
mp[259 sid=2322277531 rid=0 epoch=0 host=1 p=0 via=none] mp send input bundle: first tick=14 player=0 count=12
mp[260 sid=2322277531 rid=0 epoch=0 host=1 p=0 via=none] mp host: ready player=1 source=udp-relay
mp[261 sid=2322277531 rid=0 epoch=0 host=1 p=0 via=none] mp host: peer ready
mp[262 sid=2322277531 rid=0 epoch=0 host=1 p=0 via=none] mp recv input bundle: first tick=0 player=1 count=3
mp[263 sid=2322277531 rid=0 epoch=0 host=1 p=0 via=none] mp send input bundle: first tick=14 player=0 count=12
mp[264 sid=2322277531 rid=0 epoch=0 host=1 p=0 via=none] mp should defer start: 0
mp[265 sid=2322277531 rid=0 epoch=0 host=1 p=0 via=none] mp input delay=1 (legacy=4) transport=none tick_ms=40
mp[266 sid=2322277531 rid=0 epoch=0 host=1 p=0 via=none] mp extra actors: level_players=1 expected=2 actors=1
mp[267 sid=2322277531 rid=0 epoch=0 host=1 p=0 via=none] mp extra actors: assigned=1 spawned=1 needs_placement=1
mp[268 sid=2322277531 rid=0 epoch=0 host=1 p=0 via=none] mp should defer start: 1
mp[269 sid=2322277531 rid=0 epoch=0 host=1 p=0 via=none] mp notify start requested (host=1 local=0 expected=2)
mp[270 sid=2322277531 rid=0 epoch=0 host=1 p=0 via=none] mp rebalance: base=0 candidates=2 group=2
mp[271 sid=2322277531 rid=0 epoch=0 host=1 p=0 via=none] mp actor(post-place): kind=ac_marble_black pos=(10.00,9.50) ctrl=1 owner=0 color=0
mp[272 sid=2322277531 rid=0 epoch=0 host=1 p=0 via=none] mp actor(post-place): kind=ac_marble_black pos=(10.50,8.50) ctrl=2 owner=1 color=0
mp[273 sid=2322277531 rid=0 epoch=0 host=1 p=0 via=none] mp recv input bundle: first tick=0 player=1 count=2
mp[274 sid=2322277531 rid=0 epoch=0 host=1 p=0 via=none] mp recv input bundle: first tick=0 player=1 count=2
mp[275 sid=2322277531 rid=0 epoch=0 host=1 p=0 via=none] mp recv input bundle: first tick=0 player=1 count=4
mp[276 sid=2322277531 rid=0 epoch=0 host=1 p=0 via=none] mp recv input bundle: first tick=0 player=1 count=2
mp[277 sid=2322277531 rid=0 epoch=0 host=1 p=0 via=none] mp recv input bundle: first tick=0 player=1 count=3
mp[278 sid=2322277531 rid=0 epoch=0 host=1 p=0 via=none] mp send input bundle: first tick=0 player=0 count=2
mp[279 sid=2322277531 rid=0 epoch=0 host=1 p=0 via=none] mp recv input bundle: first tick=0 player=1 count=3
mp[280 sid=2322277531 rid=0 epoch=0 host=1 p=0 via=none] mp send input bundle: first tick=0 player=0 count=2
mp[281 sid=2322277531 rid=0 epoch=0 host=1 p=0 via=none] mp send input bundle: first tick=0 player=0 count=2
mp[282 sid=2322277531 rid=0 epoch=0 host=1 p=0 via=none] mp recv input bundle: first tick=0 player=1 count=4
mp[283 sid=2322277531 rid=0 epoch=0 host=1 p=0 via=none] mp send input bundle: first tick=0 player=0 count=2
mp[284 sid=2322277531 rid=0 epoch=0 host=1 p=0 via=none] mp send input bundle: first tick=0 player=0 count=3
mp[285 sid=2322277531 rid=0 epoch=0 host=1 p=0 via=none] mp send input bundle: first tick=0 player=0 count=3
mp[286 sid=2322277531 rid=0 epoch=0 host=1 p=0 via=none] mp recv input bundle: first tick=0 player=1 count=6
mp[287 sid=2322277531 rid=0 epoch=0 host=1 p=0 via=none] mp recv input bundle: first tick=0 player=1 count=5
mp[288 sid=2322277531 rid=0 epoch=0 host=1 p=0 via=none] mp recv input bundle: first tick=0 player=1 count=4
mp[289 sid=2322277531 rid=0 epoch=0 host=1 p=0 via=none] mp send input bundle: first tick=0 player=0 count=3
mp[290 sid=2322277531 rid=0 epoch=0 host=1 p=0 via=none] mp send input bundle: first tick=0 player=0 count=3
mp[291 sid=2322277531 rid=0 epoch=0 host=1 p=0 via=none] mp send input bundle: first tick=0 player=0 count=4
mp[292 sid=2322277531 rid=0 epoch=0 host=1 p=0 via=none] mp recv input bundle: first tick=0 player=1 count=5
mp[293 sid=2322277531 rid=0 epoch=0 host=1 p=0 via=none] mp recv input bundle: first tick=0 player=1 count=6
mp[294 sid=2322277531 rid=0 epoch=0 host=1 p=0 via=none] mp send input bundle: first tick=0 player=0 count=4
mp[295 sid=2322277531 rid=0 epoch=0 host=1 p=0 via=none] mp recv input bundle: first tick=0 player=1 count=5
mp[296 sid=2322277531 rid=0 epoch=0 host=1 p=0 via=none] mp recv input bundle: first tick=0 player=1 count=6
mp[297 sid=2322277531 rid=0 epoch=0 host=1 p=0 via=none] mp send input bundle: first tick=0 player=0 count=4
mp[298 sid=2322277531 rid=0 epoch=0 host=1 p=0 via=none] mp recv input bundle: first tick=0 player=1 count=4
mp[299 sid=2322277531 rid=0 epoch=0 host=1 p=0 via=none] mp recv input bundle: first tick=0 player=1 count=7
mp[300 sid=2322277531 rid=0 epoch=0 host=1 p=0 via=none] mp send input bundle: first tick=0 player=0 count=4
mp[301 sid=2322277531 rid=0 epoch=0 host=1 p=0 via=none] mp send input bundle: first tick=0 player=0 count=5
mp[302 sid=2322277531 rid=0 epoch=0 host=1 p=0 via=none] mp recv input bundle: first tick=0 player=1 count=7
mp[303 sid=2322277531 rid=0 epoch=0 host=1 p=0 via=none] mp send input bundle: first tick=0 player=0 count=5
mp[304 sid=2322277531 rid=0 epoch=0 host=1 p=0 via=none] mp recv input bundle: first tick=0 player=1 count=7
mp[305 sid=2322277531 rid=0 epoch=0 host=1 p=0 via=none] mp recv input bundle: first tick=0 player=1 count=7
mp[306 sid=2322277531 rid=0 epoch=0 host=1 p=0 via=none] mp recv input bundle: first tick=0 player=1 count=6
mp[307 sid=2322277531 rid=0 epoch=0 host=1 p=0 via=none] mp send input bundle: first tick=0 player=0 count=5
mp[308 sid=2322277531 rid=0 epoch=0 host=1 p=0 via=none] mp send input bundle: first tick=0 player=0 count=5
mp[309 sid=2322277531 rid=0 epoch=0 host=1 p=0 via=none] mp send input bundle: first tick=0 player=0 count=6
mp[310 sid=2322277531 rid=0 epoch=0 host=1 p=0 via=none] mp recv input bundle: first tick=0 player=1 count=8
mp[311 sid=2322277531 rid=0 epoch=0 host=1 p=0 via=none] mp recv input bundle: first tick=0 player=1 count=8
mp[312 sid=2322277531 rid=0 epoch=0 host=1 p=0 via=none] mp send input bundle: first tick=0 player=0 count=6
mp[313 sid=2322277531 rid=0 epoch=0 host=1 p=0 via=none] mp send input bundle: first tick=0 player=0 count=6
mp[314 sid=2322277531 rid=0 epoch=0 host=1 p=0 via=none] mp recv input bundle: first tick=0 player=1 count=9
mp[315 sid=2322277531 rid=0 epoch=0 host=1 p=0 via=none] mp recv input bundle: first tick=0 player=1 count=8
mp[316 sid=2322277531 rid=0 epoch=0 host=1 p=0 via=none] mp recv input bundle: first tick=0 player=1 count=9
mp[317 sid=2322277531 rid=0 epoch=0 host=1 p=0 via=none] mp send input bundle: first tick=0 player=0 count=6
mp[318 sid=2322277531 rid=0 epoch=0 host=1 p=0 via=none] mp recv input bundle: first tick=0 player=1 count=8
mp[319 sid=2322277531 rid=0 epoch=0 host=1 p=0 via=none] mp send input bundle: first tick=0 player=0 count=7
mp[320 sid=2322277531 rid=0 epoch=0 host=1 p=0 via=none] mp send input bundle: first tick=0 player=0 count=7
mp[321 sid=2322277531 rid=0 epoch=0 host=1 p=0 via=none] mp recv input bundle: first tick=0 player=1 count=10
mp[322 sid=2322277531 rid=0 epoch=0 host=1 p=0 via=none] mp send input bundle: first tick=0 player=0 count=7
mp[323 sid=2322277531 rid=0 epoch=0 host=1 p=0 via=none] mp recv input bundle: first tick=0 player=1 count=10
mp[324 sid=2322277531 rid=0 epoch=0 host=1 p=0 via=none] mp send input bundle: first tick=0 player=0 count=7
mp[325 sid=2322277531 rid=0 epoch=0 host=1 p=0 via=none] mp send input bundle: first tick=0 player=0 count=8
mp[326 sid=2322277531 rid=0 epoch=0 host=1 p=0 via=none] mp recv input bundle: first tick=0 player=1 count=10
mp[327 sid=2322277531 rid=0 epoch=0 host=1 p=0 via=none] mp recv input bundle: first tick=0 player=1 count=9
mp[328 sid=2322277531 rid=0 epoch=0 host=1 p=0 via=none] mp recv input bundle: first tick=0 player=1 count=11
mp[329 sid=2322277531 rid=0 epoch=0 host=1 p=0 via=none] mp recv input bundle: first tick=0 player=1 count=9
mp[330 sid=2322277531 rid=0 epoch=0 host=1 p=0 via=none] mp send input bundle: first tick=0 player=0 count=8
mp[331 sid=2322277531 rid=0 epoch=0 host=1 p=0 via=none] mp send input bundle: first tick=0 player=0 count=8
mp[332 sid=2322277531 rid=0 epoch=0 host=1 p=0 via=none] mp send input bundle: first tick=0 player=0 count=8
mp[333 sid=2322277531 rid=0 epoch=0 host=1 p=0 via=none] mp recv input bundle: first tick=0 player=1 count=12
mp[334 sid=2322277531 rid=0 epoch=0 host=1 p=0 via=none] mp send input bundle: first tick=0 player=0 count=9
mp[335 sid=2322277531 rid=0 epoch=0 host=1 p=0 via=none] mp send input bundle: first tick=0 player=0 count=9
mp[336 sid=2322277531 rid=0 epoch=0 host=1 p=0 via=none] mp recv input bundle: first tick=0 player=1 count=10
mp[337 sid=2322277531 rid=0 epoch=0 host=1 p=0 via=none] mp send input bundle: first tick=0 player=0 count=9
mp[338 sid=2322277531 rid=0 epoch=0 host=1 p=0 via=none] mp send input bundle: first tick=0 player=0 count=9
mp[339 sid=2322277531 rid=0 epoch=0 host=1 p=0 via=none] mp recv input bundle: first tick=0 player=1 count=12
mp[340 sid=2322277531 rid=0 epoch=0 host=1 p=0 via=none] mp recv input bundle: first tick=0 player=1 count=13
mp[341 sid=2322277531 rid=0 epoch=0 host=1 p=0 via=none] mp send input bundle: first tick=0 player=0 count=10
mp[342 sid=2322277531 rid=0 epoch=0 host=1 p=0 via=none] mp send input bundle: first tick=0 player=0 count=10
mp[343 sid=2322277531 rid=0 epoch=0 host=1 p=0 via=none] mp recv input bundle: first tick=0 player=1 count=13
mp[344 sid=2322277531 rid=0 epoch=0 host=1 p=0 via=none] mp send input bundle: first tick=0 player=0 count=10
mp[345 sid=2322277531 rid=0 epoch=0 host=1 p=0 via=none] mp recv input bundle: first tick=0 player=1 count=12
mp[346 sid=2322277531 rid=0 epoch=0 host=1 p=0 via=none] mp send input bundle: first tick=0 player=0 count=10
mp[347 sid=2322277531 rid=0 epoch=0 host=1 p=0 via=none] mp recv input bundle: first tick=0 player=1 count=12
mp[348 sid=2322277531 rid=0 epoch=0 host=1 p=0 via=none] mp send input bundle: first tick=0 player=0 count=11
mp[349 sid=2322277531 rid=0 epoch=0 host=1 p=0 via=none] mp send input bundle: first tick=0 player=0 count=11
mp[350 sid=2322277531 rid=0 epoch=0 host=1 p=0 via=none] mp recv input bundle: first tick=0 player=1 count=13
mp[351 sid=2322277531 rid=0 epoch=0 host=1 p=0 via=none] mp send input bundle: first tick=0 player=0 count=11
mp[352 sid=2322277531 rid=0 epoch=0 host=1 p=0 via=none] mp recv input bundle: first tick=0 player=1 count=14
mp[353 sid=2322277531 rid=0 epoch=0 host=1 p=0 via=none] mp send input bundle: first tick=0 player=0 count=11
mp[354 sid=2322277531 rid=0 epoch=0 host=1 p=0 via=none] mp recv input bundle: first tick=0 player=1 count=13
mp[355 sid=2322277531 rid=0 epoch=0 host=1 p=0 via=none] mp recv input bundle: first tick=0 player=1 count=14
mp[356 sid=2322277531 rid=0 epoch=0 host=1 p=0 via=none] mp recv input bundle: first tick=0 player=1 count=14
mp[357 sid=2322277531 rid=0 epoch=0 host=1 p=0 via=none] mp send input bundle: first tick=0 player=0 count=12
mp[358 sid=2322277531 rid=0 epoch=0 host=1 p=0 via=none] mp recv input bundle: first tick=0 player=1 count=15
mp[359 sid=2322277531 rid=0 epoch=0 host=1 p=0 via=none] mp send input bundle: first tick=0 player=0 count=12
mp[360 sid=2322277531 rid=0 epoch=0 host=1 p=0 via=none] mp send input bundle: first tick=0 player=0 count=12
mp[361 sid=2322277531 rid=0 epoch=0 host=1 p=0 via=none] mp host: ready player=1 source=udp-relay
mp[362 sid=2322277531 rid=0 epoch=0 host=1 p=0 via=none] mp host: peer ready
mp[363 sid=2322277531 rid=0 epoch=0 host=1 p=0 via=none] mp host: start allowed
mp[364 sid=2322277531 rid=0 epoch=1 host=1 p=0 via=none] mp input delay=1 (legacy=4) transport=none tick_ms=40
mp[365 sid=2322277531 rid=0 epoch=1 host=1 p=0 via=none] mp should defer start: 0
mp[366 sid=2322277531 rid=0 epoch=1 host=1 p=0 via=none] mp send input bundle: first tick=0 player=0 count=2
mp[367 sid=2322277531 rid=0 epoch=1 host=1 p=0 via=none] mp drop input bundle: first tick=0 epoch=0 local epoch=1
mp[368 sid=2322277531 rid=0 epoch=1 host=1 p=0 via=none] mp drop input bundle: first tick=0 epoch=0 local epoch=1
mp[369 sid=2322277531 rid=0 epoch=1 host=1 p=0 via=none] mp send input bundle: first tick=0 player=0 count=2
mp[370 sid=2322277531 rid=0 epoch=1 host=1 p=0 via=none] mp drop input bundle: first tick=0 epoch=0 local epoch=1
mp[371 sid=2322277531 rid=0 epoch=1 host=1 p=0 via=none] mp send input bundle: first tick=0 player=0 count=2
mp[372 sid=2322277531 rid=0 epoch=1 host=1 p=0 via=none] mp drop input bundle: first tick=0 epoch=0 local epoch=1
mp[373 sid=2322277531 rid=0 epoch=1 host=1 p=0 via=none] mp drop input bundle: first tick=0 epoch=0 local epoch=1
mp[374 sid=2322277531 rid=0 epoch=1 host=1 p=0 via=none] mp send input bundle: first tick=0 player=0 count=2
mp[375 sid=2322277531 rid=0 epoch=1 host=1 p=0 via=none] mp drop input bundle: first tick=0 epoch=0 local epoch=1
mp[376 sid=2322277531 rid=0 epoch=1 host=1 p=0 via=none] mp drop input bundle: first tick=0 epoch=0 local epoch=1
mp[377 sid=2322277531 rid=0 epoch=1 host=1 p=0 via=none] mp missing input: tick=1 player=1
mp[378 sid=2322277531 rid=0 epoch=1 host=1 p=0 via=none] mp send input bundle: first tick=1 player=0 count=2
mp[379 sid=2322277531 rid=0 epoch=1 host=1 p=0 via=none] mp send input bundle: first tick=1 player=0 count=2
mp[380 sid=2322277531 rid=0 epoch=1 host=1 p=0 via=none] mp send input bundle: first tick=1 player=0 count=2
mp[381 sid=2322277531 rid=0 epoch=1 host=1 p=0 via=none] mp send input bundle: first tick=1 player=0 count=2
mp[382 sid=2322277531 rid=0 epoch=1 host=1 p=0 via=none] mp drop input bundle: first tick=0 epoch=0 local epoch=1
mp[383 sid=2322277531 rid=0 epoch=1 host=1 p=0 via=none] mp drop input bundle: first tick=0 epoch=0 local epoch=1
mp[384 sid=2322277531 rid=0 epoch=1 host=1 p=0 via=none] mp send input bundle: first tick=1 player=0 count=3
mp[385 sid=2322277531 rid=0 epoch=1 host=1 p=0 via=none] mp drop input bundle: first tick=0 epoch=0 local epoch=1
mp[386 sid=2322277531 rid=0 epoch=1 host=1 p=0 via=none] mp drop input bundle: first tick=0 epoch=0 local epoch=1
mp[387 sid=2322277531 rid=0 epoch=1 host=1 p=0 via=none] mp send input bundle: first tick=1 player=0 count=3
mp[388 sid=2322277531 rid=0 epoch=1 host=1 p=0 via=none] mp send input bundle: first tick=1 player=0 count=3
mp[389 sid=2322277531 rid=0 epoch=1 host=1 p=0 via=none] mp drop input bundle: first tick=0 epoch=0 local epoch=1
mp[390 sid=2322277531 rid=0 epoch=1 host=1 p=0 via=none] mp drop input bundle: first tick=0 epoch=0 local epoch=1
mp[391 sid=2322277531 rid=0 epoch=1 host=1 p=0 via=none] mp send input bundle: first tick=1 player=0 count=3
mp[392 sid=2322277531 rid=0 epoch=1 host=1 p=0 via=none] mp drop input bundle: first tick=0 epoch=0 local epoch=1
mp[393 sid=2322277531 rid=0 epoch=1 host=1 p=0 via=none] mp send input bundle: first tick=1 player=0 count=4
mp[394 sid=2322277531 rid=0 epoch=1 host=1 p=0 via=none] mp send input bundle: first tick=1 player=0 count=4
mp[395 sid=2322277531 rid=0 epoch=1 host=1 p=0 via=none] mp drop input bundle: first tick=0 epoch=0 local epoch=1
mp[396 sid=2322277531 rid=0 epoch=1 host=1 p=0 via=none] mp drop input bundle: first tick=0 epoch=0 local epoch=1
mp[397 sid=2322277531 rid=0 epoch=1 host=1 p=0 via=none] mp send input bundle: first tick=1 player=0 count=4
mp[398 sid=2322277531 rid=0 epoch=1 host=1 p=0 via=none] mp send input bundle: first tick=1 player=0 count=4
mp[399 sid=2322277531 rid=0 epoch=1 host=1 p=0 via=none] mp drop input bundle: first tick=0 epoch=0 local epoch=1
mp[400 sid=2322277531 rid=0 epoch=1 host=1 p=0 via=none] mp send input bundle: first tick=1 player=0 count=5
mp[401 sid=2322277531 rid=0 epoch=1 host=1 p=0 via=none] mp drop input bundle: first tick=0 epoch=0 local epoch=1
mp[402 sid=2322277531 rid=0 epoch=1 host=1 p=0 via=none] mp send input bundle: first tick=1 player=0 count=5
mp[403 sid=2322277531 rid=0 epoch=1 host=1 p=0 via=none] mp drop input bundle: first tick=0 epoch=0 local epoch=1
mp[404 sid=2322277531 rid=0 epoch=1 host=1 p=0 via=none] mp drop input bundle: first tick=0 epoch=0 local epoch=1
mp[405 sid=2322277531 rid=0 epoch=1 host=1 p=0 via=none] mp send input bundle: first tick=1 player=0 count=5
mp[406 sid=2322277531 rid=0 epoch=1 host=1 p=0 via=none] mp drop input bundle: first tick=0 epoch=0 local epoch=1
mp[407 sid=2322277531 rid=0 epoch=1 host=1 p=0 via=none] mp send input bundle: first tick=1 player=0 count=5
mp[408 sid=2322277531 rid=0 epoch=1 host=1 p=0 via=none] mp drop input bundle: first tick=0 epoch=0 local epoch=1
mp[409 sid=2322277531 rid=0 epoch=1 host=1 p=0 via=none] mp send input bundle: first tick=1 player=0 count=6
mp[410 sid=2322277531 rid=0 epoch=1 host=1 p=0 via=none] mp send input bundle: first tick=1 player=0 count=6
mp[411 sid=2322277531 rid=0 epoch=1 host=1 p=0 via=none] mp drop input bundle: first tick=0 epoch=0 local epoch=1
mp[412 sid=2322277531 rid=0 epoch=1 host=1 p=0 via=none] mp drop input bundle: first tick=0 epoch=0 local epoch=1
mp[413 sid=2322277531 rid=0 epoch=1 host=1 p=0 via=none] mp send input bundle: first tick=1 player=0 count=6
mp[414 sid=2322277531 rid=0 epoch=1 host=1 p=0 via=none] mp send input bundle: first tick=1 player=0 count=6
mp[415 sid=2322277531 rid=0 epoch=1 host=1 p=0 via=none] mp send input bundle: first tick=1 player=0 count=7
mp[416 sid=2322277531 rid=0 epoch=1 host=1 p=0 via=none] mp send input bundle: first tick=1 player=0 count=7
mp[417 sid=2322277531 rid=0 epoch=1 host=1 p=0 via=none] mp send input bundle: first tick=1 player=0 count=7
mp[418 sid=2322277531 rid=0 epoch=1 host=1 p=0 via=none] mp drop input bundle: first tick=0 epoch=0 local epoch=1
mp[419 sid=2322277531 rid=0 epoch=1 host=1 p=0 via=none] mp drop input bundle: first tick=0 epoch=0 local epoch=1
mp[420 sid=2322277531 rid=0 epoch=1 host=1 p=0 via=none] mp send input bundle: first tick=1 player=0 count=7
mp[421 sid=2322277531 rid=0 epoch=1 host=1 p=0 via=none] mp drop input bundle: first tick=0 epoch=0 local epoch=1
mp[422 sid=2322277531 rid=0 epoch=1 host=1 p=0 via=none] mp send input bundle: first tick=1 player=0 count=8
mp[423 sid=2322277531 rid=0 epoch=1 host=1 p=0 via=none] mp drop input bundle: first tick=0 epoch=0 local epoch=1
mp[424 sid=2322277531 rid=0 epoch=1 host=1 p=0 via=none] mp send input bundle: first tick=1 player=0 count=8
mp[425 sid=2322277531 rid=0 epoch=1 host=1 p=0 via=none] mp drop input bundle: first tick=0 epoch=0 local epoch=1
mp[426 sid=2322277531 rid=0 epoch=1 host=1 p=0 via=none] mp send input bundle: first tick=1 player=0 count=8
mp[427 sid=2322277531 rid=0 epoch=1 host=1 p=0 via=none] mp drop input bundle: first tick=0 epoch=0 local epoch=1
mp[428 sid=2322277531 rid=0 epoch=1 host=1 p=0 via=none] mp drop input bundle: first tick=0 epoch=0 local epoch=1
mp[429 sid=2322277531 rid=0 epoch=1 host=1 p=0 via=none] mp drop input bundle: first tick=0 epoch=0 local epoch=1
mp[430 sid=2322277531 rid=0 epoch=1 host=1 p=0 via=none] mp send input bundle: first tick=1 player=0 count=8
mp[431 sid=2322277531 rid=0 epoch=1 host=1 p=0 via=none] mp send input bundle: first tick=1 player=0 count=9
mp[432 sid=2322277531 rid=0 epoch=1 host=1 p=0 via=none] mp send input bundle: first tick=1 player=0 count=9
mp[433 sid=2322277531 rid=0 epoch=1 host=1 p=0 via=none] mp send input bundle: first tick=1 player=0 count=9
mp[434 sid=2322277531 rid=0 epoch=1 host=1 p=0 via=none] mp drop input bundle: first tick=0 epoch=0 local epoch=1
mp[435 sid=2322277531 rid=0 epoch=1 host=1 p=0 via=none] mp drop input bundle: first tick=0 epoch=0 local epoch=1
mp[436 sid=2322277531 rid=0 epoch=1 host=1 p=0 via=none] mp drop input bundle: first tick=0 epoch=0 local epoch=1
mp[437 sid=2322277531 rid=0 epoch=1 host=1 p=0 via=none] mp send input bundle: first tick=1 player=0 count=9
mp[438 sid=2322277531 rid=0 epoch=1 host=1 p=0 via=none] mp drop input bundle: first tick=0 epoch=0 local epoch=1
mp[439 sid=2322277531 rid=0 epoch=1 host=1 p=0 via=none] mp send input bundle: first tick=1 player=0 count=10
mp[440 sid=2322277531 rid=0 epoch=1 host=1 p=0 via=none] mp send input bundle: first tick=1 player=0 count=10
mp[441 sid=2322277531 rid=0 epoch=1 host=1 p=0 via=none] mp drop input bundle: first tick=0 epoch=0 local epoch=1
mp[442 sid=2322277531 rid=0 epoch=1 host=1 p=0 via=none] mp send input bundle: first tick=1 player=0 count=10
mp[443 sid=2322277531 rid=0 epoch=1 host=1 p=0 via=none] mp send input bundle: first tick=1 player=0 count=10
mp[444 sid=2322277531 rid=0 epoch=1 host=1 p=0 via=none] mp recv input bundle: first tick=0 player=1 count=2
mp[445 sid=2322277531 rid=0 epoch=1 host=1 p=0 via=none] mp send input bundle: first tick=1 player=0 count=11
mp[446 sid=2322277531 rid=0 epoch=1 host=1 p=0 via=none] mp recv input bundle: first tick=0 player=1 count=2
mp[447 sid=2322277531 rid=0 epoch=1 host=1 p=0 via=none] mp recv input bundle: first tick=0 player=1 count=2
mp[448 sid=2322277531 rid=0 epoch=1 host=1 p=0 via=none] mp missing input: tick=2 player=1
mp[449 sid=2322277531 rid=0 epoch=1 host=1 p=0 via=none] mp send input bundle: first tick=2 player=0 count=10
mp[450 sid=2322277531 rid=0 epoch=1 host=1 p=0 via=none] mp drop input bundle: first tick=0 epoch=0 local epoch=1
mp[451 sid=2322277531 rid=0 epoch=1 host=1 p=0 via=none] mp send input bundle: first tick=2 player=0 count=10
mp[452 sid=2322277531 rid=0 epoch=1 host=1 p=0 via=none] mp send input bundle: first tick=2 player=0 count=10
mp[453 sid=2322277531 rid=0 epoch=1 host=1 p=0 via=none] mp send input bundle: first tick=2 player=0 count=11
mp[454 sid=2322277531 rid=0 epoch=1 host=1 p=0 via=none] mp recv input bundle: first tick=1 player=1 count=2
mp[455 sid=2322277531 rid=0 epoch=1 host=1 p=0 via=none] mp drop input bundle: first tick=0 epoch=0 local epoch=1
mp[456 sid=2322277531 rid=0 epoch=1 host=1 p=0 via=none] mp send input bundle: first tick=2 player=0 count=11
mp[457 sid=2322277531 rid=0 epoch=1 host=1 p=0 via=none] mp missing input: tick=3 player=1
mp[458 sid=2322277531 rid=0 epoch=1 host=1 p=0 via=none] mp send input bundle: first tick=3 player=0 count=10
mp[459 sid=2322277531 rid=0 epoch=1 host=1 p=0 via=none] mp recv input bundle: first tick=2 player=1 count=2
mp[460 sid=2322277531 rid=0 epoch=1 host=1 p=0 via=none] mp recv input bundle: first tick=0 player=1 count=2
mp[461 sid=2322277531 rid=0 epoch=1 host=1 p=0 via=none] mp send input bundle: first tick=3 player=0 count=10
mp[462 sid=2322277531 rid=0 epoch=1 host=1 p=0 via=none] mp recv input bundle: first tick=1 player=1 count=2
mp[463 sid=2322277531 rid=0 epoch=1 host=1 p=0 via=none] mp send input bundle: first tick=3 player=0 count=11
mp[464 sid=2322277531 rid=0 epoch=1 host=1 p=0 via=none] mp recv input bundle: first tick=1 player=1 count=2
mp[465 sid=2322277531 rid=0 epoch=1 host=1 p=0 via=none] mp recv input bundle: first tick=1 player=1 count=2
mp[466 sid=2322277531 rid=0 epoch=1 host=1 p=0 via=none] mp recv input bundle: first tick=2 player=1 count=2
mp[467 sid=2322277531 rid=0 epoch=1 host=1 p=0 via=none] mp missing input: tick=4 player=1
mp[468 sid=2322277531 rid=0 epoch=1 host=1 p=0 via=none] mp send input bundle: first tick=4 player=0 count=10
mp[469 sid=2322277531 rid=0 epoch=1 host=1 p=0 via=none] mp recv input bundle: first tick=2 player=1 count=2
mp[470 sid=2322277531 rid=0 epoch=1 host=1 p=0 via=none] mp send input bundle: first tick=4 player=0 count=10
mp[471 sid=2322277531 rid=0 epoch=1 host=1 p=0 via=none] mp send input bundle: first tick=4 player=0 count=10
mp[472 sid=2322277531 rid=0 epoch=1 host=1 p=0 via=none] mp recv input bundle: first tick=3 player=1 count=2
mp[473 sid=2322277531 rid=0 epoch=1 host=1 p=0 via=none] mp send input bundle: first tick=4 player=0 count=11
mp[474 sid=2322277531 rid=0 epoch=1 host=1 p=0 via=none] mp recv input bundle: first tick=4 player=1 count=2
mp[475 sid=2322277531 rid=0 epoch=1 host=1 p=0 via=none] mp recv input bundle: first tick=3 player=1 count=2
mp[476 sid=2322277531 rid=0 epoch=1 host=1 p=0 via=none] mp send input bundle: first tick=5 player=0 count=10
mp[477 sid=2322277531 rid=0 epoch=1 host=1 p=0 via=none] mp recv input bundle: first tick=3 player=1 count=2
mp[478 sid=2322277531 rid=0 epoch=1 host=1 p=0 via=none] mp send input bundle: first tick=5 player=0 count=10
mp[479 sid=2322277531 rid=0 epoch=1 host=1 p=0 via=none] mp recv input bundle: first tick=4 player=1 count=2
mp[480 sid=2322277531 rid=0 epoch=1 host=1 p=0 via=none] mp send input bundle: first tick=5 player=0 count=10
mp[481 sid=2322277531 rid=0 epoch=1 host=1 p=0 via=none] mp send input bundle: first tick=5 player=0 count=11
mp[482 sid=2322277531 rid=0 epoch=1 host=1 p=0 via=none] mp missing input: tick=6 player=1
mp[483 sid=2322277531 rid=0 epoch=1 host=1 p=0 via=none] mp send input bundle: first tick=6 player=0 count=10
mp[484 sid=2322277531 rid=0 epoch=1 host=1 p=0 via=none] mp recv input bundle: first tick=3 player=1 count=2
mp[485 sid=2322277531 rid=0 epoch=1 host=1 p=0 via=none] mp recv input bundle: first tick=5 player=1 count=2
mp[486 sid=2322277531 rid=0 epoch=1 host=1 p=0 via=none] mp send input bundle: first tick=6 player=0 count=10
mp[487 sid=2322277531 rid=0 epoch=1 host=1 p=0 via=none] mp recv input bundle: first tick=4 player=1 count=2
mp[488 sid=2322277531 rid=0 epoch=1 host=1 p=0 via=none] mp send input bundle: first tick=6 player=0 count=10
mp[489 sid=2322277531 rid=0 epoch=1 host=1 p=0 via=none] mp recv input bundle: first tick=5 player=1 count=2
mp[490 sid=2322277531 rid=0 epoch=1 host=1 p=0 via=none] mp send input bundle: first tick=6 player=0 count=11
mp[491 sid=2322277531 rid=0 epoch=1 host=1 p=0 via=none] mp missing input: tick=7 player=1
mp[492 sid=2322277531 rid=0 epoch=1 host=1 p=0 via=none] mp send input bundle: first tick=7 player=0 count=10
mp[493 sid=2322277531 rid=0 epoch=1 host=1 p=0 via=none] mp send input bundle: first tick=7 player=0 count=10
mp[494 sid=2322277531 rid=0 epoch=1 host=1 p=0 via=none] mp send input bundle: first tick=7 player=0 count=10
mp[495 sid=2322277531 rid=0 epoch=1 host=1 p=0 via=none] mp recv input bundle: first tick=5 player=1 count=2
mp[496 sid=2322277531 rid=0 epoch=1 host=1 p=0 via=none] mp send input bundle: first tick=7 player=0 count=11
mp[497 sid=2322277531 rid=0 epoch=1 host=1 p=0 via=none] mp recv input bundle: first tick=5 player=1 count=2
mp[498 sid=2322277531 rid=0 epoch=1 host=1 p=0 via=none] mp send input bundle: first tick=7 player=0 count=11
mp[499 sid=2322277531 rid=0 epoch=1 host=1 p=0 via=none] mp recv input bundle: first tick=6 player=1 count=2
mp[500 sid=2322277531 rid=0 epoch=1 host=1 p=0 via=none] mp send input bundle: first tick=7 player=0 count=11
mp[501 sid=2322277531 rid=0 epoch=1 host=1 p=0 via=none] mp recv input bundle: first tick=7 player=1 count=2
mp[502 sid=2322277531 rid=0 epoch=1 host=1 p=0 via=none] mp recv input bundle: first tick=6 player=1 count=2
mp[503 sid=2322277531 rid=0 epoch=1 host=1 p=0 via=none] mp send input bundle: first tick=8 player=0 count=10
mp[504 sid=2322277531 rid=0 epoch=1 host=1 p=0 via=none] mp recv input bundle: first tick=6 player=1 count=2
mp[505 sid=2322277531 rid=0 epoch=1 host=1 p=0 via=none] mp send input bundle: first tick=8 player=0 count=11
mp[506 sid=2322277531 rid=0 epoch=1 host=1 p=0 via=none] mp recv input bundle: first tick=7 player=1 count=2
mp[507 sid=2322277531 rid=0 epoch=1 host=1 p=0 via=none] mp send input bundle: first tick=8 player=0 count=11
mp[508 sid=2322277531 rid=0 epoch=1 host=1 p=0 via=none] mp missing input: tick=9 player=1
mp[509 sid=2322277531 rid=0 epoch=1 host=1 p=0 via=none] mp send input bundle: first tick=9 player=0 count=10
mp[510 sid=2322277531 rid=0 epoch=1 host=1 p=0 via=none] mp recv input bundle: first tick=8 player=1 count=2
mp[511 sid=2322277531 rid=0 epoch=1 host=1 p=0 via=none] mp send input bundle: first tick=9 player=0 count=10
mp[512 sid=2322277531 rid=0 epoch=1 host=1 p=0 via=none] mp send input bundle: first tick=9 player=0 count=11
mp[513 sid=2322277531 rid=0 epoch=1 host=1 p=0 via=none] mp send input bundle: first tick=9 player=0 count=11
mp[514 sid=2322277531 rid=0 epoch=1 host=1 p=0 via=none] mp missing input: tick=10 player=1
mp[515 sid=2322277531 rid=0 epoch=1 host=1 p=0 via=none] mp send input bundle: first tick=10 player=0 count=10
mp[516 sid=2322277531 rid=0 epoch=1 host=1 p=0 via=none] mp recv input bundle: first tick=8 player=1 count=2
mp[517 sid=2322277531 rid=0 epoch=1 host=1 p=0 via=none] mp recv input bundle: first tick=8 player=1 count=2
mp[518 sid=2322277531 rid=0 epoch=1 host=1 p=0 via=none] mp send input bundle: first tick=10 player=0 count=10
mp[519 sid=2322277531 rid=0 epoch=1 host=1 p=0 via=none] mp send input bundle: first tick=10 player=0 count=11
mp[520 sid=2322277531 rid=0 epoch=1 host=1 p=0 via=none] mp recv input bundle: first tick=7 player=1 count=2
mp[521 sid=2322277531 rid=0 epoch=1 host=1 p=0 via=none] mp send input bundle: first tick=10 player=0 count=11
mp[522 sid=2322277531 rid=0 epoch=1 host=1 p=0 via=none] mp recv input bundle: first tick=8 player=1 count=2
mp[523 sid=2322277531 rid=0 epoch=1 host=1 p=0 via=none] mp send input bundle: first tick=10 player=0 count=11
mp[524 sid=2322277531 rid=0 epoch=1 host=1 p=0 via=none] mp send input bundle: first tick=10 player=0 count=11
mp[525 sid=2322277531 rid=0 epoch=1 host=1 p=0 via=none] mp recv input bundle: first tick=9 player=1 count=2
mp[526 sid=2322277531 rid=0 epoch=1 host=1 p=0 via=none] mp recv input bundle: first tick=9 player=1 count=2
mp[527 sid=2322277531 rid=0 epoch=1 host=1 p=0 via=none] mp send input bundle: first tick=10 player=0 count=12
mp[528 sid=2322277531 rid=0 epoch=1 host=1 p=0 via=none] mp recv input bundle: first tick=9 player=1 count=2
mp[529 sid=2322277531 rid=0 epoch=1 host=1 p=0 via=none] mp missing input: tick=11 player=1
mp[530 sid=2322277531 rid=0 epoch=1 host=1 p=0 via=none] mp send input bundle: first tick=11 player=0 count=11
mp[531 sid=2322277531 rid=0 epoch=1 host=1 p=0 via=none] mp recv input bundle: first tick=10 player=1 count=2
mp[532 sid=2322277531 rid=0 epoch=1 host=1 p=0 via=none] mp recv input bundle: first tick=10 player=1 count=2
mp[533 sid=2322277531 rid=0 epoch=1 host=1 p=0 via=none] mp send input bundle: first tick=11 player=0 count=11
mp[534 sid=2322277531 rid=0 epoch=1 host=1 p=0 via=none] mp recv input bundle: first tick=11 player=1 count=2
mp[535 sid=2322277531 rid=0 epoch=1 host=1 p=0 via=none] mp recv input bundle: first tick=9 player=1 count=2
mp[536 sid=2322277531 rid=0 epoch=1 host=1 p=0 via=none] mp send input bundle: first tick=11 player=0 count=11
mp[537 sid=2322277531 rid=0 epoch=1 host=1 p=0 via=none] mp send input bundle: first tick=12 player=0 count=11
mp[538 sid=2322277531 rid=0 epoch=1 host=1 p=0 via=none] mp recv input bundle: first tick=10 player=1 count=2
mp[539 sid=2322277531 rid=0 epoch=1 host=1 p=0 via=none] mp recv input bundle: first tick=10 player=1 count=2
mp[540 sid=2322277531 rid=0 epoch=1 host=1 p=0 via=none] mp send input bundle: first tick=12 player=0 count=11
mp[541 sid=2322277531 rid=0 epoch=1 host=1 p=0 via=none] mp send input bundle: first tick=12 player=0 count=11
mp[542 sid=2322277531 rid=0 epoch=1 host=1 p=0 via=none] mp recv input bundle: first tick=11 player=1 count=2
mp[543 sid=2322277531 rid=0 epoch=1 host=1 p=0 via=none] mp send input bundle: first tick=12 player=0 count=11
mp[544 sid=2322277531 rid=0 epoch=1 host=1 p=0 via=none] mp missing input: tick=13 player=1
mp[545 sid=2322277531 rid=0 epoch=1 host=1 p=0 via=none] mp send input bundle: first tick=13 player=0 count=11
mp[546 sid=2322277531 rid=0 epoch=1 host=1 p=0 via=none] mp recv input bundle: first tick=12 player=1 count=2
mp[547 sid=2322277531 rid=0 epoch=1 host=1 p=0 via=none] mp send input bundle: first tick=13 player=0 count=11
mp[548 sid=2322277531 rid=0 epoch=1 host=1 p=0 via=none] mp recv input bundle: first tick=11 player=1 count=2
mp[549 sid=2322277531 rid=0 epoch=1 host=1 p=0 via=none] mp send input bundle: first tick=13 player=0 count=11
mp[550 sid=2322277531 rid=0 epoch=1 host=1 p=0 via=none] mp recv input bundle: first tick=12 player=1 count=2
mp[551 sid=2322277531 rid=0 epoch=1 host=1 p=0 via=none] mp recv input bundle: first tick=13 player=1 count=2
mp[552 sid=2322277531 rid=0 epoch=1 host=1 p=0 via=none] mp send input bundle: first tick=13 player=0 count=11
mp[553 sid=2322277531 rid=0 epoch=1 host=1 p=0 via=none] mp recv input bundle: first tick=13 player=1 count=2
mp[554 sid=2322277531 rid=0 epoch=1 host=1 p=0 via=none] mp recv input bundle: first tick=12 player=1 count=2
mp[555 sid=2322277531 rid=0 epoch=1 host=1 p=0 via=none] mp send input bundle: first tick=14 player=0 count=11
mp[556 sid=2322277531 rid=0 epoch=1 host=1 p=0 via=none] mp send input bundle: first tick=14 player=0 count=11
mp[557 sid=2322277531 rid=0 epoch=1 host=1 p=0 via=none] mp recv input bundle: first tick=14 player=1 count=2
mp[558 sid=2322277531 rid=0 epoch=1 host=1 p=0 via=none] mp send input bundle: first tick=14 player=0 count=11
mp[559 sid=2322277531 rid=0 epoch=1 host=1 p=0 via=none] mp recv input bundle: first tick=13 player=1 count=2
mp[560 sid=2322277531 rid=0 epoch=1 host=1 p=0 via=none] mp send input bundle: first tick=14 player=0 count=11
mp[561 sid=2322277531 rid=0 epoch=1 host=1 p=0 via=none] mp recv input bundle: first tick=13 player=1 count=2
mp[562 sid=2322277531 rid=0 epoch=1 host=1 p=0 via=none] mp recv input bundle: first tick=12 player=1 count=2
mp[563 sid=2322277531 rid=0 epoch=1 host=1 p=0 via=none] mp send input bundle: first tick=15 player=0 count=11
mp[564 sid=2322277531 rid=0 epoch=1 host=1 p=0 via=none] mp recv input bundle: first tick=14 player=1 count=2
mp[565 sid=2322277531 rid=0 epoch=1 host=1 p=0 via=none] mp send input bundle: first tick=15 player=0 count=11
mp[566 sid=2322277531 rid=0 epoch=1 host=1 p=0 via=none] mp send input bundle: first tick=15 player=0 count=11
mp[567 sid=2322277531 rid=0 epoch=1 host=1 p=0 via=none] mp recv input bundle: first tick=14 player=1 count=2
mp[568 sid=2322277531 rid=0 epoch=1 host=1 p=0 via=none] mp recv input bundle: first tick=14 player=1 count=2
mp[569 sid=2322277531 rid=0 epoch=1 host=1 p=0 via=none] mp send input bundle: first tick=15 player=0 count=11
mp[570 sid=2322277531 rid=0 epoch=1 host=1 p=0 via=none] mp missing input: tick=16 player=1
mp[571 sid=2322277531 rid=0 epoch=1 host=1 p=0 via=none] mp send input bundle: first tick=16 player=0 count=11
mp[572 sid=2322277531 rid=0 epoch=1 host=1 p=0 via=none] mp recv input bundle: first tick=14 player=1 count=2
mp[573 sid=2322277531 rid=0 epoch=1 host=1 p=0 via=none] mp send input bundle: first tick=16 player=0 count=11
mp[574 sid=2322277531 rid=0 epoch=1 host=1 p=0 via=none] mp send input bundle: first tick=16 player=0 count=11
mp[575 sid=2322277531 rid=0 epoch=1 host=1 p=0 via=none] mp recv input bundle: first tick=15 player=1 count=2
mp[576 sid=2322277531 rid=0 epoch=1 host=1 p=0 via=none] mp send input bundle: first tick=16 player=0 count=11
mp[577 sid=2322277531 rid=0 epoch=1 host=1 p=0 via=none] mp recv input bundle: first tick=15 player=1 count=2
mp[578 sid=2322277531 rid=0 epoch=1 host=1 p=0 via=none] mp missing input: tick=17 player=1
mp[579 sid=2322277531 rid=0 epoch=1 host=1 p=0 via=none] mp send input bundle: first tick=17 player=0 count=11
mp[580 sid=2322277531 rid=0 epoch=1 host=1 p=0 via=none] mp recv input bundle: first tick=15 player=1 count=2
mp[581 sid=2322277531 rid=0 epoch=1 host=1 p=0 via=none] mp recv input bundle: first tick=16 player=1 count=2
mp[582 sid=2322277531 rid=0 epoch=1 host=1 p=0 via=none] mp send input bundle: first tick=17 player=0 count=11
mp[583 sid=2322277531 rid=0 epoch=1 host=1 p=0 via=none] mp recv input bundle: first tick=16 player=1 count=2
mp[584 sid=2322277531 rid=0 epoch=1 host=1 p=0 via=none] mp recv input bundle: first tick=15 player=1 count=2
mp[585 sid=2322277531 rid=0 epoch=1 host=1 p=0 via=none] mp send input bundle: first tick=17 player=0 count=11
mp[586 sid=2322277531 rid=0 epoch=1 host=1 p=0 via=none] mp send input bundle: first tick=17 player=0 count=11
mp[587 sid=2322277531 rid=0 epoch=1 host=1 p=0 via=none] mp recv input bundle: first tick=16 player=1 count=2
mp[588 sid=2322277531 rid=0 epoch=1 host=1 p=0 via=none] mp missing input: tick=18 player=1
mp[589 sid=2322277531 rid=0 epoch=1 host=1 p=0 via=none] mp send input bundle: first tick=18 player=0 count=11
mp[590 sid=2322277531 rid=0 epoch=1 host=1 p=0 via=none] mp recv input bundle: first tick=17 player=1 count=2
mp[591 sid=2322277531 rid=0 epoch=1 host=1 p=0 via=none] mp send input bundle: first tick=18 player=0 count=11
mp[592 sid=2322277531 rid=0 epoch=1 host=1 p=0 via=none] mp recv input bundle: first tick=18 player=1 count=2
mp[593 sid=2322277531 rid=0 epoch=1 host=1 p=0 via=none] mp recv input bundle: first tick=16 player=1 count=2
mp[594 sid=2322277531 rid=0 epoch=1 host=1 p=0 via=none] mp send input bundle: first tick=18 player=0 count=11
mp[595 sid=2322277531 rid=0 epoch=1 host=1 p=0 via=none] mp recv input bundle: first tick=17 player=1 count=2
mp[596 sid=2322277531 rid=0 epoch=1 host=1 p=0 via=none] mp recv input bundle: first tick=17 player=1 count=2
mp[597 sid=2322277531 rid=0 epoch=1 host=1 p=0 via=none] mp send input bundle: first tick=18 player=0 count=11
mp[598 sid=2322277531 rid=0 epoch=1 host=1 p=0 via=none] mp send input bundle: first tick=19 player=0 count=11
mp[599 sid=2322277531 rid=0 epoch=1 host=1 p=0 via=none] mp recv input bundle: first tick=18 player=1 count=2
mp[600 sid=2322277531 rid=0 epoch=1 host=1 p=0 via=none] mp send input bundle: first tick=19 player=0 count=11
mp[601 sid=2322277531 rid=0 epoch=1 host=1 p=0 via=none] mp send input bundle: first tick=19 player=0 count=11
mp[602 sid=2322277531 rid=0 epoch=1 host=1 p=0 via=none] mp recv input bundle: first tick=17 player=1 count=2
mp[603 sid=2322277531 rid=0 epoch=1 host=1 p=0 via=none] mp recv input bundle: first tick=18 player=1 count=2
mp[604 sid=2322277531 rid=0 epoch=1 host=1 p=0 via=none] mp recv input bundle: first tick=19 player=1 count=2
mp[605 sid=2322277531 rid=0 epoch=1 host=1 p=0 via=none] mp send input bundle: first tick=19 player=0 count=11
mp[606 sid=2322277531 rid=0 epoch=1 host=1 p=0 via=none] mp recv input bundle: first tick=19 player=1 count=2
mp[607 sid=2322277531 rid=0 epoch=1 host=1 p=0 via=none] mp recv input bundle: first tick=19 player=1 count=2
mp[608 sid=2322277531 rid=0 epoch=1 host=1 p=0 via=none] mp recv input bundle: first tick=19 player=1 count=2
mp[609 sid=2322277531 rid=0 epoch=1 host=1 p=0 via=none] mp missing input: tick=28 player=1
mp[610 sid=2322277531 rid=0 epoch=1 host=1 p=0 via=none] mp missing input: tick=30 player=1
mp[611 sid=2322277531 rid=0 epoch=1 host=1 p=0 via=none] mp missing input: tick=35 player=1
mp[612 sid=2322277531 rid=0 epoch=1 host=1 p=0 via=none] mp missing input: tick=42 player=1
mp[613 sid=2322277531 rid=0 epoch=1 host=1 p=0 via=none] mp missing input: tick=44 player=1
mp[614 sid=2322277531 rid=0 epoch=1 host=1 p=0 via=none] mp missing input: tick=47 player=1
mp[615 sid=2322277531 rid=0 epoch=1 host=1 p=0 via=none] mp missing input: tick=50 player=1
mp[616 sid=2322277531 rid=0 epoch=1 host=1 p=0 via=none] mp missing input: tick=51 player=1
mp[617 sid=2322277531 rid=0 epoch=1 host=1 p=0 via=none] mp missing input: tick=53 player=1
mp[618 sid=2322277531 rid=0 epoch=1 host=1 p=0 via=none] mp missing input: tick=54 player=1
mp[619 sid=2322277531 rid=0 epoch=1 host=1 p=0 via=none] mp missing input: tick=59 player=1
mp[620 sid=2322277531 rid=0 epoch=1 host=1 p=0 via=none] mp missing input: tick=60 player=1
mp[621 sid=2322277531 rid=0 epoch=1 host=1 p=0 via=none] mp missing input: tick=62 player=1
mp[622 sid=2322277531 rid=0 epoch=1 host=1 p=0 via=none] mp missing input: tick=63 player=1
mp[623 sid=2322277531 rid=0 epoch=1 host=1 p=0 via=none] mp missing input: tick=64 player=1
mp[624 sid=2322277531 rid=0 epoch=1 host=1 p=0 via=none] mp missing input: tick=72 player=1
mp[625 sid=2322277531 rid=0 epoch=1 host=1 p=0 via=none] mp missing input: tick=75 player=1
mp[626 sid=2322277531 rid=0 epoch=1 host=1 p=0 via=none] mp missing input: tick=76 player=1
mp[627 sid=2322277531 rid=0 epoch=1 host=1 p=0 via=none] mp missing input: tick=79 player=1
mp[628 sid=2322277531 rid=0 epoch=1 host=1 p=0 via=none] mp missing input: tick=85 player=1
mp[629 sid=2322277531 rid=0 epoch=1 host=1 p=0 via=none] mp missing input: tick=86 player=1
mp[630 sid=2322277531 rid=0 epoch=1 host=1 p=0 via=none] mp missing input: tick=90 player=1
mp[631 sid=2322277531 rid=0 epoch=1 host=1 p=0 via=none] mp missing input: tick=95 player=1
mp[632 sid=2322277531 rid=0 epoch=1 host=1 p=0 via=none] mp missing input: tick=101 player=1
mp[633 sid=2322277531 rid=0 epoch=1 host=1 p=0 via=none] mp missing input: tick=102 player=1
mp[634 sid=2322277531 rid=0 epoch=1 host=1 p=0 via=none] mp missing input: tick=105 player=1
mp[635 sid=2322277531 rid=0 epoch=1 host=1 p=0 via=none] mp missing input: tick=122 player=1
mp[636 sid=2322277531 rid=0 epoch=1 host=1 p=0 via=none] mp missing input: tick=128 player=1
mp[637 sid=2322277531 rid=0 epoch=1 host=1 p=0 via=none] mp missing input: tick=136 player=1
mp[638 sid=2322277531 rid=0 epoch=1 host=1 p=0 via=none] mp missing input: tick=142 player=1
mp[639 sid=2322277531 rid=0 epoch=1 host=1 p=0 via=none] mp missing input: tick=167 player=1
mp[640 sid=2322277531 rid=0 epoch=1 host=1 p=0 via=none] mp missing input: tick=179 player=1
mp[641 sid=2322277531 rid=0 epoch=1 host=1 p=0 via=none] mp missing input: tick=200 player=1
mp[642 sid=2322277531 rid=0 epoch=1 host=1 p=0 via=none] mp missing input: tick=203 player=1
mp[643 sid=2322277531 rid=0 epoch=1 host=1 p=0 via=none] mp missing input: tick=227 player=1
mp[644 sid=2322277531 rid=0 epoch=1 host=1 p=0 via=none] mp missing input: tick=229 player=1
mp[645 sid=2322277531 rid=0 epoch=1 host=1 p=0 via=none] mp missing input: tick=234 player=1
mp[646 sid=2322277531 rid=0 epoch=1 host=1 p=0 via=none] mp missing input: tick=251 player=1
mp[647 sid=2322277531 rid=0 epoch=1 host=1 p=0 via=none] mp missing input: tick=252 player=1
mp[648 sid=2322277531 rid=0 epoch=1 host=1 p=0 via=none] mp missing input: tick=253 player=1
mp[649 sid=2322277531 rid=0 epoch=1 host=1 p=0 via=none] mp missing input: tick=259 player=1
mp[650 sid=2322277531 rid=0 epoch=1 host=1 p=0 via=none] mp missing input: tick=270 player=1
mp[651 sid=2322277531 rid=0 epoch=1 host=1 p=0 via=none] mp missing input: tick=273 player=1
mp[652 sid=2322277531 rid=0 epoch=1 host=1 p=0 via=none] mp missing input: tick=275 player=1
mp[653 sid=2322277531 rid=0 epoch=1 host=1 p=0 via=none] mp missing input: tick=299 player=1
mp[654 sid=2322277531 rid=0 epoch=1 host=1 p=0 via=none] mp missing input: tick=303 player=1
mp[655 sid=2322277531 rid=0 epoch=1 host=1 p=0 via=none] mp missing input: tick=311 player=1
mp[656 sid=2322277531 rid=0 epoch=1 host=1 p=0 via=none] mp missing input: tick=312 player=1
mp[657 sid=2322277531 rid=0 epoch=1 host=1 p=0 via=none] mp missing input: tick=318 player=1
mp[658 sid=2322277531 rid=0 epoch=1 host=1 p=0 via=none] mp missing input: tick=325 player=1
mp[659 sid=2322277531 rid=0 epoch=1 host=1 p=0 via=none] mp missing input: tick=347 player=1
mp[660 sid=2322277531 rid=0 epoch=1 host=1 p=0 via=none] mp missing input: tick=349 player=1
mp[661 sid=2322277531 rid=0 epoch=1 host=1 p=0 via=none] mp missing input: tick=355 player=1
mp[662 sid=2322277531 rid=0 epoch=1 host=1 p=0 via=none] mp missing input: tick=357 player=1
mp[663 sid=2322277531 rid=0 epoch=1 host=1 p=0 via=none] mp missing input: tick=367 player=1
mp[664 sid=2322277531 rid=0 epoch=1 host=1 p=0 via=none] mp missing input: tick=368 player=1
mp[665 sid=2322277531 rid=0 epoch=1 host=1 p=0 via=none] mp missing input: tick=369 player=1
mp[666 sid=2322277531 rid=0 epoch=1 host=1 p=0 via=none] mp missing input: tick=370 player=1
mp[667 sid=2322277531 rid=0 epoch=1 host=1 p=0 via=none] mp missing input: tick=371 player=1
mp[668 sid=2322277531 rid=0 epoch=1 host=1 p=0 via=none] mp missing input: tick=373 player=1
mp[669 sid=2322277531 rid=0 epoch=1 host=1 p=0 via=none] mp missing input: tick=374 player=1
mp[670 sid=2322277531 rid=0 epoch=1 host=1 p=0 via=none] mp missing input: tick=375 player=1
mp[671 sid=2322277531 rid=0 epoch=1 host=1 p=0 via=none] mp missing input: tick=376 player=1
mp[672 sid=2322277531 rid=0 epoch=1 host=1 p=0 via=none] mp missing input: tick=377 player=1
mp[673 sid=2322277531 rid=0 epoch=1 host=1 p=0 via=none] mp missing input: tick=379 player=1
mp[674 sid=2322277531 rid=0 epoch=1 host=1 p=0 via=none] mp missing input: tick=380 player=1
mp[675 sid=2322277531 rid=0 epoch=1 host=1 p=0 via=none] mp missing input: tick=381 player=1
mp[676 sid=2322277531 rid=0 epoch=1 host=1 p=0 via=none] mp telemetry: sync_current=0 sync_sample=0 mismatch(pos=0 rand=0 actor=0 world=0) classified(diag_only=0 rng_only=0 soft_candidate=0) rng_fixed=0 resync(req=0 resp=0 applied=0 timeout=0 giveup=0)
mp[677 sid=0 rid=0 epoch=0 host=0 p=0 via=none] mp lobby: not starting (direct connect disabled)
